{
	"start":	{
		"connected":	[{
				"socket":	5,
				"local_host":	"10.199.0.1",
				"local_port":	45176,
				"remote_host":	"10.199.0.2",
				"remote_port":	5202
			}],
		"version":	"iperf 3.9",
		"system_info":	"Linux iiitd-Precision-3660 6.8.0-138-generic #138~22.04.1-Ubuntu SMP PREEMPT_DYNAMIC Fri Aug  7 13:43:15 UTC  x86_64",
		"timestamp":	{
			"time":	"Sun, 04 Oct 2026 05:55:17 GMT",
			"timesecs":	1791093317
		},
		"connecting_to":	{
			"host":	"10.199.0.2",
			"port":	5202
		},
		"cookie":	"jxhepirsymbw747dioy5jfof6tbg4wokhte7",
		"sock_bufsize":	0,
		"sndbuf_actual":	212992,
		"rcvbuf_actual":	212992,
		"test_start":	{
			"protocol":	"UDP",
			"num_streams":	1,
			"blksize":	64,
			"omit":	0,
			"duration":	5,
			"bytes":	0,
			"blocks":	0,
			"reverse":	0,
			"tos":	0
		}
	},
	"intervals":	[{
			"streams":	[{
					"socket":	5,
					"start":	0,
					"end":	1.000054,
					"seconds":	1.0000540018081665,
					"bytes":	639424,
					"bits_per_second":	5115115.7744991956,
					"packets":	9991,
					"omitted":	false,
					"sender":	true
				}],
			"sum":	{
				"start":	0,
				"end":	1.000054,
				"seconds":	1.0000540018081665,
				"bytes":	639424,
				"bits_per_second":	5115115.7744991956,
				"packets":	9991,
				"omitted":	false,
				"sender":	true
			}
		}, {
			"streams":	[{
					"socket":	5,
					"start":	1.000054,
					"end":	2.000055,
					"seconds":	1.0000009536743164,
					"bytes":	640000,
					"bits_per_second":	5119995.1171921566,
					"packets":	10000,
					"omitted":	false,
					"sender":	true
				}],
			"sum":	{
				"start":	1.000054,
				"end":	2.000055,
				"seconds":	1.0000009536743164,
				"bytes":	640000,
				"bits_per_second":	5119995.1171921566,
				"packets":	10000,
				"omitted":	false,
				"sender":	true
			}
		}, {
			"streams":	[{
					"socket":	5,
					"start":	2.000055,
					"end":	3.000066,
					"seconds":	1.0000109672546387,
					"bytes":	640000,
					"bits_per_second":	5119943.84827208,
					"packets":	10000,
					"omitted":	false,
					"sender":	true
				}],
			"sum":	{
				"start":	2.000055,
				"end":	3.000066,
				"seconds":	1.0000109672546387,
				"bytes":	640000,
				"bits_per_second":	5119943.84827208,
				"packets":	10000,
				"omitted":	false,
				"sender":	true
			}
		}, {
			"streams":	[{
					"socket":	5,
					"start":	3.000066,
					"end":	4.000054,
					"seconds":	0.9999880194664,
					"bytes":	640000,
					"bits_per_second":	5120061.34106693,
					"packets":	10000,
					"omitted":	false,
					"sender":	true
				}],
			"sum":	{
				"start":	3.000066,
				"end":	4.000054,
				"seconds":	0.9999880194664,
				"bytes":	640000,
				"bits_per_second":	5120061.34106693,
				"packets":	10000,
				"omitted":	false,
				"sender":	true
			}
		}, {
			"streams":	[{
					"socket":	5,
					"start":	4.000054,
					"end":	5.000056,
					"seconds":	1.0000020265579224,
					"bytes":	640000,
					"bits_per_second":	5119989.6240444649,
					"packets":	10000,
					"omitted":	false,
					"sender":	true
				}],
			"sum":	{
				"start":	4.000054,
				"end":	5.000056,
				"seconds":	1.0000020265579224,
				"bytes":	640000,
				"bits_per_second":	5119989.6240444649,
				"packets":	10000,
				"omitted":	false,
				"sender":	true
			}
		}],
	"end":	{
		"streams":	[{
				"udp":	{
					"socket":	5,
					"start":	0,
					"end":	5.000056,
					"seconds":	5.000056,
					"bytes":	3199424,
					"bits_per_second":	5119021.06696405,
					"jitter_ms":	0.00052928671377838168,
					"lost_packets":	0,
					"packets":	49991,
					"lost_percent":	0,
					"out_of_order":	0,
					"sender":	true
				}
			}],
		"sum":	{
			"start":	0,
			"end":	5.041696,
			"seconds":	5.041696,
			"bytes":	3199424,
			"bits_per_second":	5119021.06696405,
			"jitter_ms":	0.00052928671377838168,
			"lost_packets":	0,
			"packets":	49991,
			"lost_percent":	0,
			"sender":	true
		},
		"cpu_utilization_percent":	{
			"host_total":	5.270119183623363,
			"host_user":	1.3624835898978496,
			"host_system":	3.9076355937255127,
			"remote_total":	3.4380137357010634,
			"remote_user":	0,
			"remote_system":	3.4379942667971863
		}
	}
}
