{
	"start":	{
		"connected":	[{
				"socket":	5,
				"local_host":	"10.199.0.1",
				"local_port":	58956,
				"remote_host":	"10.199.0.2",
				"remote_port":	5201
			}],
		"version":	"iperf 3.9",
		"system_info":	"Linux iiitd-Precision-3660 6.8.0-138-generic #138~22.04.1-Ubuntu SMP PREEMPT_DYNAMIC Fri Aug  7 13:43:15 UTC  x86_64",
		"timestamp":	{
			"time":	"Sun, 04 Oct 2026 05:55:43 GMT",
			"timesecs":	1791093343
		},
		"connecting_to":	{
			"host":	"10.199.0.2",
			"port":	5201
		},
		"cookie":	"zpxi3ruvcivpfixcz3z35g5ymobz7xppgwqy",
		"sock_bufsize":	0,
		"sndbuf_actual":	212992,
		"rcvbuf_actual":	212992,
		"test_start":	{
			"protocol":	"UDP",
			"num_streams":	1,
			"blksize":	64,
			"omit":	0,
			"duration":	5,
			"bytes":	0,
			"blocks":	0,
			"reverse":	0,
			"tos":	0
		}
	},
	"intervals":	[{
			"streams":	[{
					"socket":	5,
					"start":	0,
					"end":	1.000002,
					"seconds":	1.0000020265579224,
					"bytes":	20472704,
					"bits_per_second":	163781300.08770877,
					"packets":	319886,
					"omitted":	false,
					"sender":	true
				}],
			"sum":	{
				"start":	0,
				"end":	1.000002,
				"seconds":	1.0000020265579224,
				"bytes":	20472704,
				"bits_per_second":	163781300.08770877,
				"packets":	319886,
				"omitted":	false,
				"sender":	true
			}
		}, {
			"streams":	[{
					"socket":	5,
					"start":	1.000002,
					"end":	2.000001,
					"seconds":	0.99999898672103882,
					"bytes":	20478720,
					"bits_per_second":	163829926.00541723,
					"packets":	319980,
					"omitted":	false,
					"sender":	true
				}],
			"sum":	{
				"start":	1.000002,
				"end":	2.000001,
				"seconds":	0.99999898672103882,
				"bytes":	20478720,
				"bits_per_second":	163829926.00541723,
				"packets":	319980,
				"omitted":	false,
				"sender":	true
			}
		}, {
			"streams":	[{
					"socket":	5,
					"start":	2.000001,
					"end":	3.000002,
					"seconds":	1.0000009536743164,
					"bytes":	20488320,
					"bits_per_second":	163906403.68667251,
					"packets":	320130,
					"omitted":	false,
					"sender":	true
				}],
			"sum":	{
				"start":	2.000001,
				"end":	3.000002,
				"seconds":	1.0000009536743164,
				"bytes":	20488320,
				"bits_per_second":	163906403.68667251,
				"packets":	320130,
				"omitted":	false,
				"sender":	true
			}
		}, {
			"streams":	[{
					"socket":	5,
					"start":	3.000002,
					"end":	4.000054,
					"seconds":	1.0000519752502441,
					"bytes":	20475200,
					"bits_per_second":	163793086.81332463,
					"packets":	319925,
					"omitted":	false,
					"sender":	true
				}],
			"sum":	{
				"start":	3.000002,
				"end":	4.000054,
				"seconds":	1.0000519752502441,
				"bytes":	20475200,
				"bits_per_second":	163793086.81332463,
				"packets":	319925,
				"omitted":	false,
				"sender":	true
			}
		}, {
			"streams":	[{
					"socket":	5,
					"start":	4.000054,
					"end":	5.000057,
					"seconds":	1.0000029802322388,
					"bytes":	20474048,
					"bits_per_second":	163791895.86211151,
					"packets":	319907,
					"omitted":	false,
					"sender":	true
				}],
			"sum":	{
				"start":	4.000054,
				"end":	5.000057,
				"seconds":	1.0000029802322388,
				"bytes":	20474048,
				"bits_per_second":	163791895.86211151,
				"packets":	319907,
				"omitted":	false,
				"sender":	true
			}
		}],
	"end":	{
		"streams":	[{
				"udp":	{
					"socket":	5,
					"start":	0,
					"end":	5.000057,
					"seconds":	5.000057,
					"bytes":	102388992,
					"bits_per_second":	163820519.646076,
					"jitter_ms":	0.00060388612060693425,
					"lost_packets":	310343,
					"packets":	1599828,
					"lost_percent":	19.39852284120543,
					"out_of_order":	0,
					"sender":	true
				}
			}],
		"sum":	{
			"start":	0,
			"end":	5.04083,
			"seconds":	5.04083,
			"bytes":	102388992,
			"bits_per_second":	163820519.646076,
			"jitter_ms":	0.00060388612060693425,
			"lost_packets":	310343,
			"packets":	1599828,
			"lost_percent":	19.39852284120543,
			"sender":	true
		},
		"cpu_utilization_percent":	{
			"host_total":	68.8085920206832,
			"host_user":	12.83695269351624,
			"host_system":	55.971639327166947,
			"remote_total":	46.730551039745066,
			"remote_user":	10.208728534418011,
			"remote_system":	36.521822505327059
		}
	}
}
