{
	"start":	{
		"connected":	[{
				"socket":	5,
				"local_host":	"10.199.0.1",
				"local_port":	50744,
				"remote_host":	"10.199.0.2",
				"remote_port":	5202
			}],
		"version":	"iperf 3.9",
		"system_info":	"Linux iiitd-Precision-3660 6.8.0-138-generic #138~22.04.1-Ubuntu SMP PREEMPT_DYNAMIC Fri Aug  7 13:43:15 UTC  x86_64",
		"timestamp":	{
			"time":	"Sun, 04 Oct 2026 05:55:27 GMT",
			"timesecs":	1791093327
		},
		"connecting_to":	{
			"host":	"10.199.0.2",
			"port":	5202
		},
		"cookie":	"atgoaqjq63nz3ont3ycwbjxp7zblekzebaeu",
		"sock_bufsize":	0,
		"sndbuf_actual":	212992,
		"rcvbuf_actual":	212992,
		"test_start":	{
			"protocol":	"UDP",
			"num_streams":	1,
			"blksize":	64,
			"omit":	0,
			"duration":	5,
			"bytes":	0,
			"blocks":	0,
			"reverse":	0,
			"tos":	0
		}
	},
	"intervals":	[{
			"streams":	[{
					"socket":	5,
					"start":	0,
					"end":	1.000057,
					"seconds":	1.0000569820404053,
					"bytes":	2557824,
					"bits_per_second":	20461426.066193148,
					"packets":	39966,
					"omitted":	false,
					"sender":	true
				}],
			"sum":	{
				"start":	0,
				"end":	1.000057,
				"seconds":	1.0000569820404053,
				"bytes":	2557824,
				"bits_per_second":	20461426.066193148,
				"packets":	39966,
				"omitted":	false,
				"sender":	true
			}
		}, {
			"streams":	[{
					"socket":	5,
					"start":	1.000057,
					"end":	2.000054,
					"seconds":	0.99999701976776123,
					"bytes":	2560000,
					"bits_per_second":	20480061.035338148,
					"packets":	40000,
					"omitted":	false,
					"sender":	true
				}],
			"sum":	{
				"start":	1.000057,
				"end":	2.000054,
				"seconds":	0.99999701976776123,
				"bytes":	2560000,
				"bits_per_second":	20480061.035338148,
				"packets":	40000,
				"omitted":	false,
				"sender":	true
			}
		}, {
			"streams":	[{
					"socket":	5,
					"start":	2.000054,
					"end":	3.000054,
					"seconds":	1,
					"bytes":	2560000,
					"bits_per_second":	20480000,
					"packets":	40000,
					"omitted":	false,
					"sender":	true
				}],
			"sum":	{
				"start":	2.000054,
				"end":	3.000054,
				"seconds":	1,
				"bytes":	2560000,
				"bits_per_second":	20480000,
				"packets":	40000,
				"omitted":	false,
				"sender":	true
			}
		}, {
			"streams":	[{
					"socket":	5,
					"start":	3.000054,
					"end":	4.000055,
					"seconds":	1.0000009536743164,
					"bytes":	2560000,
					"bits_per_second":	20479980.468768626,
					"packets":	40000,
					"omitted":	false,
					"sender":	true
				}],
			"sum":	{
				"start":	3.000054,
				"end":	4.000055,
				"seconds":	1.0000009536743164,
				"bytes":	2560000,
				"bits_per_second":	20479980.468768626,
				"packets":	40000,
				"omitted":	false,
				"sender":	true
			}
		}, {
			"streams":	[{
					"socket":	5,
					"start":	4.000055,
					"end":	5.000056,
					"seconds":	1.0000009536743164,
					"bytes":	2560128,
					"bits_per_second":	20481004.467792064,
					"packets":	40002,
					"omitted":	false,
					"sender":	true
				}],
			"sum":	{
				"start":	4.000055,
				"end":	5.000056,
				"seconds":	1.0000009536743164,
				"bytes":	2560128,
				"bits_per_second":	20481004.467792064,
				"packets":	40002,
				"omitted":	false,
				"sender":	true
			}
		}],
	"end":	{
		"streams":	[{
				"udp":	{
					"socket":	5,
					"start":	0,
					"end":	5.000056,
					"seconds":	5.000056,
					"bytes":	12797952,
					"bits_per_second":	20476493.863268733,
					"jitter_ms":	0.000886273398275421,
					"lost_packets":	0,
					"packets":	199968,
					"lost_percent":	0,
					"out_of_order":	0,
					"sender":	true
				}
			}],
		"sum":	{
			"start":	0,
			"end":	5.040664,
			"seconds":	5.040664,
			"bytes":	12797952,
			"bits_per_second":	20476493.863268733,
			"jitter_ms":	0.000886273398275421,
			"lost_packets":	0,
			"packets":	199968,
			"lost_percent":	0,
			"sender":	true
		},
		"cpu_utilization_percent":	{
			"host_total":	10.185939024248647,
			"host_user":	2.8578951811873781,
			"host_system":	7.3280241634337955,
			"remote_total":	8.55450731888969,
			"remote_user":	0,
			"remote_system":	8.5544877812708862
		}
	}
}
