{
	"start":	{
		"connected":	[{
				"socket":	5,
				"local_host":	"10.199.0.1",
				"local_port":	56857,
				"remote_host":	"10.199.0.2",
				"remote_port":	5201
			}],
		"version":	"iperf 3.9",
		"system_info":	"Linux iiitd-Precision-3660 6.8.0-138-generic #138~22.04.1-Ubuntu SMP PREEMPT_DYNAMIC Fri Aug  7 13:43:15 UTC  x86_64",
		"timestamp":	{
			"time":	"Sun, 04 Oct 2026 05:55:17 GMT",
			"timesecs":	1791093317
		},
		"connecting_to":	{
			"host":	"10.199.0.2",
			"port":	5201
		},
		"cookie":	"toizosvjdxwzm453eew37cx6ldevubuax3ge",
		"sock_bufsize":	0,
		"sndbuf_actual":	212992,
		"rcvbuf_actual":	212992,
		"test_start":	{
			"protocol":	"UDP",
			"num_streams":	1,
			"blksize":	64,
			"omit":	0,
			"duration":	5,
			"bytes":	0,
			"blocks":	0,
			"reverse":	0,
			"tos":	0
		}
	},
	"intervals":	[{
			"streams":	[{
					"socket":	5,
					"start":	0,
					"end":	1.000055,
					"seconds":	1.0000549554824829,
					"bytes":	639424,
					"bits_per_second":	5115110.8966127234,
					"packets":	9991,
					"omitted":	false,
					"sender":	true
				}],
			"sum":	{
				"start":	0,
				"end":	1.000055,
				"seconds":	1.0000549554824829,
				"bytes":	639424,
				"bits_per_second":	5115110.8966127234,
				"packets":	9991,
				"omitted":	false,
				"sender":	true
			}
		}, {
			"streams":	[{
					"socket":	5,
					"start":	1.000055,
					"end":	2.000067,
					"seconds":	1.0000120401382446,
					"bytes":	640000,
					"bits_per_second":	5119938.3552344,
					"packets":	10000,
					"omitted":	false,
					"sender":	true
				}],
			"sum":	{
				"start":	1.000055,
				"end":	2.000067,
				"seconds":	1.0000120401382446,
				"bytes":	640000,
				"bits_per_second":	5119938.3552344,
				"packets":	10000,
				"omitted":	false,
				"sender":	true
			}
		}, {
			"streams":	[{
					"socket":	5,
					"start":	2.000067,
					"end":	3.000055,
					"seconds":	0.9999880194664,
					"bytes":	640000,
					"bits_per_second":	5120061.34106693,
					"packets":	10000,
					"omitted":	false,
					"sender":	true
				}],
			"sum":	{
				"start":	2.000067,
				"end":	3.000055,
				"seconds":	0.9999880194664,
				"bytes":	640000,
				"bits_per_second":	5120061.34106693,
				"packets":	10000,
				"omitted":	false,
				"sender":	true
			}
		}, {
			"streams":	[{
					"socket":	5,
					"start":	3.000055,
					"end":	4.000055,
					"seconds":	1,
					"bytes":	640000,
					"bits_per_second":	5120000,
					"packets":	10000,
					"omitted":	false,
					"sender":	true
				}],
			"sum":	{
				"start":	3.000055,
				"end":	4.000055,
				"seconds":	1,
				"bytes":	640000,
				"bits_per_second":	5120000,
				"packets":	10000,
				"omitted":	false,
				"sender":	true
			}
		}, {
			"streams":	[{
					"socket":	5,
					"start":	4.000055,
					"end":	5.000058,
					"seconds":	1.0000029802322388,
					"bytes":	640000,
					"bits_per_second":	5119984.7412564121,
					"packets":	10000,
					"omitted":	false,
					"sender":	true
				}],
			"sum":	{
				"start":	4.000055,
				"end":	5.000058,
				"seconds":	1.0000029802322388,
				"bytes":	640000,
				"bits_per_second":	5119984.7412564121,
				"packets":	10000,
				"omitted":	false,
				"sender":	true
			}
		}],
	"end":	{
		"streams":	[{
				"udp":	{
					"socket":	5,
					"start":	0,
					"end":	5.000058,
					"seconds":	5.000058,
					"bytes":	3199424,
					"bits_per_second":	5119019.0193793755,
					"jitter_ms":	0.00062226882924422964,
					"lost_packets":	0,
					"packets":	49991,
					"lost_percent":	0,
					"out_of_order":	0,
					"sender":	true
				}
			}],
		"sum":	{
			"start":	0,
			"end":	5.041626,
			"seconds":	5.041626,
			"bytes":	3199424,
			"bits_per_second":	5119019.0193793755,
			"jitter_ms":	0.00062226882924422964,
			"lost_packets":	0,
			"packets":	49991,
			"lost_percent":	0,
			"sender":	true
		},
		"cpu_utilization_percent":	{
			"host_total":	4.9632240830416059,
			"host_user":	1.3706421433554479,
			"host_system":	3.5925622660559444,
			"remote_total":	2.3919729951470545,
			"remote_user":	0,
			"remote_system":	2.3919535257352527
		}
	}
}
