{
	"start":	{
		"connected":	[{
				"socket":	5,
				"local_host":	"10.199.0.1",
				"local_port":	56437,
				"remote_host":	"10.199.0.2",
				"remote_port":	5202
			}],
		"version":	"iperf 3.9",
		"system_info":	"Linux iiitd-Precision-3660 6.8.0-138-generic #138~22.04.1-Ubuntu SMP PREEMPT_DYNAMIC Fri Aug  7 13:43:15 UTC  x86_64",
		"timestamp":	{
			"time":	"Sun, 04 Oct 2026 05:55:22 GMT",
			"timesecs":	1791093322
		},
		"connecting_to":	{
			"host":	"10.199.0.2",
			"port":	5202
		},
		"cookie":	"2sp6sxrwdubm23c4mu7b5h3bsxv3fobsujcs",
		"sock_bufsize":	0,
		"sndbuf_actual":	212992,
		"rcvbuf_actual":	212992,
		"test_start":	{
			"protocol":	"UDP",
			"num_streams":	1,
			"blksize":	64,
			"omit":	0,
			"duration":	5,
			"bytes":	0,
			"blocks":	0,
			"reverse":	0,
			"tos":	0
		}
	},
	"intervals":	[{
			"streams":	[{
					"socket":	5,
					"start":	0,
					"end":	1.000054,
					"seconds":	1.0000540018081665,
					"bytes":	1278848,
					"bits_per_second":	10230231.548998391,
					"packets":	19982,
					"omitted":	false,
					"sender":	true
				}],
			"sum":	{
				"start":	0,
				"end":	1.000054,
				"seconds":	1.0000540018081665,
				"bytes":	1278848,
				"bits_per_second":	10230231.548998391,
				"packets":	19982,
				"omitted":	false,
				"sender":	true
			}
		}, {
			"streams":	[{
					"socket":	5,
					"start":	1.000054,
					"end":	2.000054,
					"seconds":	1,
					"bytes":	1280064,
					"bits_per_second":	10240512,
					"packets":	20001,
					"omitted":	false,
					"sender":	true
				}],
			"sum":	{
				"start":	1.000054,
				"end":	2.000054,
				"seconds":	1,
				"bytes":	1280064,
				"bits_per_second":	10240512,
				"packets":	20001,
				"omitted":	false,
				"sender":	true
			}
		}, {
			"streams":	[{
					"socket":	5,
					"start":	2.000054,
					"end":	3.000055,
					"seconds":	1.0000009536743164,
					"bytes":	1279936,
					"bits_per_second":	10239478.234872594,
					"packets":	19999,
					"omitted":	false,
					"sender":	true
				}],
			"sum":	{
				"start":	2.000054,
				"end":	3.000055,
				"seconds":	1.0000009536743164,
				"bytes":	1279936,
				"bits_per_second":	10239478.234872594,
				"packets":	19999,
				"omitted":	false,
				"sender":	true
			}
		}, {
			"streams":	[{
					"socket":	5,
					"start":	3.000055,
					"end":	4.000054,
					"seconds":	0.99999898672103882,
					"bytes":	1280000,
					"bits_per_second":	10240010.375987077,
					"packets":	20000,
					"omitted":	false,
					"sender":	true
				}],
			"sum":	{
				"start":	3.000055,
				"end":	4.000054,
				"seconds":	0.99999898672103882,
				"bytes":	1280000,
				"bits_per_second":	10240010.375987077,
				"packets":	20000,
				"omitted":	false,
				"sender":	true
			}
		}, {
			"streams":	[{
					"socket":	5,
					"start":	4.000054,
					"end":	5.000075,
					"seconds":	1.0000209808349609,
					"bytes":	1280000,
					"bits_per_second":	10239785.160757506,
					"packets":	20000,
					"omitted":	false,
					"sender":	true
				}],
			"sum":	{
				"start":	4.000054,
				"end":	5.000075,
				"seconds":	1.0000209808349609,
				"bytes":	1280000,
				"bits_per_second":	10239785.160757506,
				"packets":	20000,
				"omitted":	false,
				"sender":	true
			}
		}],
	"end":	{
		"streams":	[{
				"udp":	{
					"socket":	5,
					"start":	0,
					"end":	5.000075,
					"seconds":	5.000075,
					"bytes":	6398848,
					"bits_per_second":	10238003.229951551,
					"jitter_ms":	0.001012507267029834,
					"lost_packets":	0,
					"packets":	99982,
					"lost_percent":	0,
					"out_of_order":	0,
					"sender":	true
				}
			}],
		"sum":	{
			"start":	0,
			"end":	5.040777,
			"seconds":	5.040777,
			"bytes":	6398848,
			"bits_per_second":	10238003.229951551,
			"jitter_ms":	0.001012507267029834,
			"lost_packets":	0,
			"packets":	99982,
			"lost_percent":	0,
			"sender":	true
		},
		"cpu_utilization_percent":	{
			"host_total":	5.6551695092543586,
			"host_user":	1.5551361905303582,
			"host_system":	4.1000923595816525,
			"remote_total":	4.30581016233586,
			"remote_user":	0,
			"remote_system":	4.3058295856121687
		}
	}
}
