{
	"start":	{
		"connected":	[{
				"socket":	5,
				"local_host":	"10.199.0.1",
				"local_port":	59047,
				"remote_host":	"10.199.0.2",
				"remote_port":	5202
			}],
		"version":	"iperf 3.9",
		"system_info":	"Linux iiitd-Precision-3660 6.8.0-138-generic #138~22.04.1-Ubuntu SMP PREEMPT_DYNAMIC Fri Aug  7 13:43:15 UTC  x86_64",
		"timestamp":	{
			"time":	"Sun, 04 Oct 2026 05:55:12 GMT",
			"timesecs":	1791093312
		},
		"connecting_to":	{
			"host":	"10.199.0.2",
			"port":	5202
		},
		"cookie":	"3jsn3drskwjfcd2o4i5ai7le2v3axqkgvlor",
		"sock_bufsize":	0,
		"sndbuf_actual":	212992,
		"rcvbuf_actual":	212992,
		"test_start":	{
			"protocol":	"UDP",
			"num_streams":	1,
			"blksize":	64,
			"omit":	0,
			"duration":	5,
			"bytes":	0,
			"blocks":	0,
			"reverse":	0,
			"tos":	0
		}
	},
	"intervals":	[{
			"streams":	[{
					"socket":	5,
					"start":	0,
					"end":	1.000054,
					"seconds":	1.0000540018081665,
					"bytes":	319744,
					"bits_per_second":	2557813.8734258818,
					"packets":	4996,
					"omitted":	false,
					"sender":	true
				}],
			"sum":	{
				"start":	0,
				"end":	1.000054,
				"seconds":	1.0000540018081665,
				"bytes":	319744,
				"bits_per_second":	2557813.8734258818,
				"packets":	4996,
				"omitted":	false,
				"sender":	true
			}
		}, {
			"streams":	[{
					"socket":	5,
					"start":	1.000054,
					"end":	2.000054,
					"seconds":	1,
					"bytes":	320000,
					"bits_per_second":	2560000,
					"packets":	5000,
					"omitted":	false,
					"sender":	true
				}],
			"sum":	{
				"start":	1.000054,
				"end":	2.000054,
				"seconds":	1,
				"bytes":	320000,
				"bits_per_second":	2560000,
				"packets":	5000,
				"omitted":	false,
				"sender":	true
			}
		}, {
			"streams":	[{
					"socket":	5,
					"start":	2.000054,
					"end":	3.000054,
					"seconds":	1,
					"bytes":	320000,
					"bits_per_second":	2560000,
					"packets":	5000,
					"omitted":	false,
					"sender":	true
				}],
			"sum":	{
				"start":	2.000054,
				"end":	3.000054,
				"seconds":	1,
				"bytes":	320000,
				"bits_per_second":	2560000,
				"packets":	5000,
				"omitted":	false,
				"sender":	true
			}
		}, {
			"streams":	[{
					"socket":	5,
					"start":	3.000054,
					"end":	4.000054,
					"seconds":	1,
					"bytes":	320000,
					"bits_per_second":	2560000,
					"packets":	5000,
					"omitted":	false,
					"sender":	true
				}],
			"sum":	{
				"start":	3.000054,
				"end":	4.000054,
				"seconds":	1,
				"bytes":	320000,
				"bits_per_second":	2560000,
				"packets":	5000,
				"omitted":	false,
				"sender":	true
			}
		}, {
			"streams":	[{
					"socket":	5,
					"start":	4.000054,
					"end":	5.000057,
					"seconds":	1.0000029802322388,
					"bytes":	320000,
					"bits_per_second":	2559992.3706282061,
					"packets":	5000,
					"omitted":	false,
					"sender":	true
				}],
			"sum":	{
				"start":	4.000054,
				"end":	5.000057,
				"seconds":	1.0000029802322388,
				"bytes":	320000,
				"bits_per_second":	2559992.3706282061,
				"packets":	5000,
				"omitted":	false,
				"sender":	true
			}
		}],
	"end":	{
		"streams":	[{
				"udp":	{
					"socket":	5,
					"start":	0,
					"end":	5.000057,
					"seconds":	5.000057,
					"bytes":	1599744,
					"bits_per_second":	2559561.22100208,
					"jitter_ms":	0.0057565392031697672,
					"lost_packets":	0,
					"packets":	24996,
					"lost_percent":	0,
					"out_of_order":	0,
					"sender":	true
				}
			}],
		"sum":	{
			"start":	0,
			"end":	5.040706,
			"seconds":	5.040706,
			"bytes":	1599744,
			"bits_per_second":	2559561.22100208,
			"jitter_ms":	0.0057565392031697672,
			"lost_packets":	0,
			"packets":	24996,
			"lost_percent":	0,
			"sender":	true
		},
		"cpu_utilization_percent":	{
			"host_total":	3.8755600298472692,
			"host_user":	0.730813369561453,
			"host_system":	3.1447663380738433,
			"remote_total":	2.2041238596059856,
			"remote_user":	0,
			"remote_system":	2.2041238596059856
		}
	}
}
