{
	"start":	{
		"connected":	[{
				"socket":	5,
				"local_host":	"10.199.0.1",
				"local_port":	46098,
				"remote_host":	"10.199.0.2",
				"remote_port":	5201
			}],
		"version":	"iperf 3.9",
		"system_info":	"Linux iiitd-Precision-3660 6.8.0-138-generic #138~22.04.1-Ubuntu SMP PREEMPT_DYNAMIC Fri Aug  7 13:43:15 UTC  x86_64",
		"timestamp":	{
			"time":	"Sun, 04 Oct 2026 05:55:32 GMT",
			"timesecs":	1791093332
		},
		"connecting_to":	{
			"host":	"10.199.0.2",
			"port":	5201
		},
		"cookie":	"jyup7udoal3cmx6c7hz7yht4dyy2c5za6v3w",
		"sock_bufsize":	0,
		"sndbuf_actual":	212992,
		"rcvbuf_actual":	212992,
		"test_start":	{
			"protocol":	"UDP",
			"num_streams":	1,
			"blksize":	64,
			"omit":	0,
			"duration":	5,
			"bytes":	0,
			"blocks":	0,
			"reverse":	0,
			"tos":	0
		}
	},
	"intervals":	[{
			"streams":	[{
					"socket":	5,
					"start":	0,
					"end":	1.000054,
					"seconds":	1.0000540018081665,
					"bytes":	5116032,
					"bits_per_second":	40926045.919519238,
					"packets":	79938,
					"omitted":	false,
					"sender":	true
				}],
			"sum":	{
				"start":	0,
				"end":	1.000054,
				"seconds":	1.0000540018081665,
				"bytes":	5116032,
				"bits_per_second":	40926045.919519238,
				"packets":	79938,
				"omitted":	false,
				"sender":	true
			}
		}, {
			"streams":	[{
					"socket":	5,
					"start":	1.000054,
					"end":	2.000055,
					"seconds":	1.0000009536743164,
					"bytes":	5120064,
					"bits_per_second":	40960472.937048972,
					"packets":	80001,
					"omitted":	false,
					"sender":	true
				}],
			"sum":	{
				"start":	1.000054,
				"end":	2.000055,
				"seconds":	1.0000009536743164,
				"bytes":	5120064,
				"bits_per_second":	40960472.937048972,
				"packets":	80001,
				"omitted":	false,
				"sender":	true
			}
		}, {
			"streams":	[{
					"socket":	5,
					"start":	2.000055,
					"end":	3.000054,
					"seconds":	0.99999898672103882,
					"bytes":	5120000,
					"bits_per_second":	40960041.5039483,
					"packets":	80000,
					"omitted":	false,
					"sender":	true
				}],
			"sum":	{
				"start":	2.000055,
				"end":	3.000054,
				"seconds":	0.99999898672103882,
				"bytes":	5120000,
				"bits_per_second":	40960041.5039483,
				"packets":	80000,
				"omitted":	false,
				"sender":	true
			}
		}, {
			"streams":	[{
					"socket":	5,
					"start":	3.000054,
					"end":	4.000054,
					"seconds":	1,
					"bytes":	5120000,
					"bits_per_second":	40960000,
					"packets":	80000,
					"omitted":	false,
					"sender":	true
				}],
			"sum":	{
				"start":	3.000054,
				"end":	4.000054,
				"seconds":	1,
				"bytes":	5120000,
				"bits_per_second":	40960000,
				"packets":	80000,
				"omitted":	false,
				"sender":	true
			}
		}, {
			"streams":	[{
					"socket":	5,
					"start":	4.000054,
					"end":	5.000057,
					"seconds":	1.0000029802322388,
					"bytes":	5119936,
					"bits_per_second":	40959365.931577168,
					"packets":	79999,
					"omitted":	false,
					"sender":	true
				}],
			"sum":	{
				"start":	4.000054,
				"end":	5.000057,
				"seconds":	1.0000029802322388,
				"bytes":	5119936,
				"bits_per_second":	40959365.931577168,
				"packets":	79999,
				"omitted":	false,
				"sender":	true
			}
		}],
	"end":	{
		"streams":	[{
				"udp":	{
					"socket":	5,
					"start":	0,
					"end":	5.000057,
					"seconds":	5.000057,
					"bytes":	25596032,
					"bits_per_second":	40953184.3336986,
					"jitter_ms":	0.000493056200569753,
					"lost_packets":	0,
					"packets":	399938,
					"lost_percent":	0,
					"out_of_order":	0,
					"sender":	true
				}
			}],
		"sum":	{
			"start":	0,
			"end":	5.040732,
			"seconds":	5.040732,
			"bytes":	25596032,
			"bits_per_second":	40953184.3336986,
			"jitter_ms":	0.000493056200569753,
			"lost_packets":	0,
			"packets":	399938,
			"lost_percent":	0,
			"sender":	true
		},
		"cpu_utilization_percent":	{
			"host_total":	18.177065481266471,
			"host_user":	4.2407361423361731,
			"host_system":	13.936309662714239,
			"remote_total":	15.085146786575773,
			"remote_user":	7.9902098637342638,
			"remote_system":	7.0948978373406062
		}
	}
}
