{
	"start":	{
		"connected":	[{
				"socket":	5,
				"local_host":	"10.199.0.1",
				"local_port":	48891,
				"remote_host":	"10.199.0.2",
				"remote_port":	5201
			}],
		"version":	"iperf 3.9",
		"system_info":	"Linux iiitd-Precision-3660 6.8.0-138-generic #138~22.04.1-Ubuntu SMP PREEMPT_DYNAMIC Fri Aug  7 13:43:15 UTC  x86_64",
		"timestamp":	{
			"time":	"Sun, 04 Oct 2026 05:55:38 GMT",
			"timesecs":	1791093338
		},
		"connecting_to":	{
			"host":	"10.199.0.2",
			"port":	5201
		},
		"cookie":	"6ykjowrwa4pvdgkt3447ktcgrka53jcn57jc",
		"sock_bufsize":	0,
		"sndbuf_actual":	212992,
		"rcvbuf_actual":	212992,
		"test_start":	{
			"protocol":	"UDP",
			"num_streams":	1,
			"blksize":	64,
			"omit":	0,
			"duration":	5,
			"bytes":	0,
			"blocks":	0,
			"reverse":	0,
			"tos":	0
		}
	},
	"intervals":	[{
			"streams":	[{
					"socket":	5,
					"start":	0,
					"end":	1.000054,
					"seconds":	1.0000540018081665,
					"bytes":	10233920,
					"bits_per_second":	81866939.037262931,
					"packets":	159905,
					"omitted":	false,
					"sender":	true
				}],
			"sum":	{
				"start":	0,
				"end":	1.000054,
				"seconds":	1.0000540018081665,
				"bytes":	10233920,
				"bits_per_second":	81866939.037262931,
				"packets":	159905,
				"omitted":	false,
				"sender":	true
			}
		}, {
			"streams":	[{
					"socket":	5,
					"start":	1.000054,
					"end":	2.000055,
					"seconds":	1.0000009536743164,
					"bytes":	10240128,
					"bits_per_second":	81920945.874097943,
					"packets":	160002,
					"omitted":	false,
					"sender":	true
				}],
			"sum":	{
				"start":	1.000054,
				"end":	2.000055,
				"seconds":	1.0000009536743164,
				"bytes":	10240128,
				"bits_per_second":	81920945.874097943,
				"packets":	160002,
				"omitted":	false,
				"sender":	true
			}
		}, {
			"streams":	[{
					"socket":	5,
					"start":	2.000055,
					"end":	3.000054,
					"seconds":	0.99999898672103882,
					"bytes":	10239808,
					"bits_per_second":	81918547.0063402,
					"packets":	159997,
					"omitted":	false,
					"sender":	true
				}],
			"sum":	{
				"start":	2.000055,
				"end":	3.000054,
				"seconds":	0.99999898672103882,
				"bytes":	10239808,
				"bits_per_second":	81918547.0063402,
				"packets":	159997,
				"omitted":	false,
				"sender":	true
			}
		}, {
			"streams":	[{
					"socket":	5,
					"start":	3.000054,
					"end":	4.000054,
					"seconds":	1,
					"bytes":	10240128,
					"bits_per_second":	81921024,
					"packets":	160002,
					"omitted":	false,
					"sender":	true
				}],
			"sum":	{
				"start":	3.000054,
				"end":	4.000054,
				"seconds":	1,
				"bytes":	10240128,
				"bits_per_second":	81921024,
				"packets":	160002,
				"omitted":	false,
				"sender":	true
			}
		}, {
			"streams":	[{
					"socket":	5,
					"start":	4.000054,
					"end":	5.000057,
					"seconds":	1.0000029802322388,
					"bytes":	10239936,
					"bits_per_second":	81919243.861628473,
					"packets":	159999,
					"omitted":	false,
					"sender":	true
				}],
			"sum":	{
				"start":	4.000054,
				"end":	5.000057,
				"seconds":	1.0000029802322388,
				"bytes":	10239936,
				"bits_per_second":	81919243.861628473,
				"packets":	159999,
				"omitted":	false,
				"sender":	true
			}
		}],
	"end":	{
		"streams":	[{
				"udp":	{
					"socket":	5,
					"start":	0,
					"end":	5.000057,
					"seconds":	5.000057,
					"bytes":	51193920,
					"bits_per_second":	81909338.233544141,
					"jitter_ms":	0.00078294258088004579,
					"lost_packets":	0,
					"packets":	799905,
					"lost_percent":	0,
					"out_of_order":	0,
					"sender":	true
				}
			}],
		"sum":	{
			"start":	0,
			"end":	5.040758,
			"seconds":	5.040758,
			"bytes":	51193920,
			"bits_per_second":	81909338.233544141,
			"jitter_ms":	0.00078294258088004579,
			"lost_packets":	0,
			"packets":	799905,
			"lost_percent":	0,
			"sender":	true
		},
		"cpu_utilization_percent":	{
			"host_total":	35.8577349618382,
			"host_user":	5.846413254328688,
			"host_system":	30.011341387167956,
			"remote_total":	29.954187875532192,
			"remote_user":	7.4885420942156227,
			"remote_system":	22.465645781316571
		}
	}
}
