{
	"start":	{
		"connected":	[{
				"socket":	5,
				"local_host":	"10.199.0.1",
				"local_port":	42313,
				"remote_host":	"10.199.0.2",
				"remote_port":	5201
			}],
		"version":	"iperf 3.9",
		"system_info":	"Linux iiitd-Precision-3660 6.8.0-138-generic #138~22.04.1-Ubuntu SMP PREEMPT_DYNAMIC Fri Aug  7 13:43:15 UTC  x86_64",
		"timestamp":	{
			"time":	"Sun, 04 Oct 2026 05:55:27 GMT",
			"timesecs":	1791093327
		},
		"connecting_to":	{
			"host":	"10.199.0.2",
			"port":	5201
		},
		"cookie":	"szdy3xzx4s4go5u5ttezqnnky2o7cz7h3nno",
		"sock_bufsize":	0,
		"sndbuf_actual":	212992,
		"rcvbuf_actual":	212992,
		"test_start":	{
			"protocol":	"UDP",
			"num_streams":	1,
			"blksize":	64,
			"omit":	0,
			"duration":	5,
			"bytes":	0,
			"blocks":	0,
			"reverse":	0,
			"tos":	0
		}
	},
	"intervals":	[{
			"streams":	[{
					"socket":	5,
					"start":	0,
					"end":	1.000055,
					"seconds":	1.0000549554824829,
					"bytes":	2557824,
					"bits_per_second":	20461467.530179571,
					"packets":	39966,
					"omitted":	false,
					"sender":	true
				}],
			"sum":	{
				"start":	0,
				"end":	1.000055,
				"seconds":	1.0000549554824829,
				"bytes":	2557824,
				"bits_per_second":	20461467.530179571,
				"packets":	39966,
				"omitted":	false,
				"sender":	true
			}
		}, {
			"streams":	[{
					"socket":	5,
					"start":	1.000055,
					"end":	2.000054,
					"seconds":	0.99999898672103882,
					"bytes":	2560000,
					"bits_per_second":	20480020.751974154,
					"packets":	40000,
					"omitted":	false,
					"sender":	true
				}],
			"sum":	{
				"start":	1.000055,
				"end":	2.000054,
				"seconds":	0.99999898672103882,
				"bytes":	2560000,
				"bits_per_second":	20480020.751974154,
				"packets":	40000,
				"omitted":	false,
				"sender":	true
			}
		}, {
			"streams":	[{
					"socket":	5,
					"start":	2.000054,
					"end":	3.000054,
					"seconds":	1,
					"bytes":	2560000,
					"bits_per_second":	20480000,
					"packets":	40000,
					"omitted":	false,
					"sender":	true
				}],
			"sum":	{
				"start":	2.000054,
				"end":	3.000054,
				"seconds":	1,
				"bytes":	2560000,
				"bits_per_second":	20480000,
				"packets":	40000,
				"omitted":	false,
				"sender":	true
			}
		}, {
			"streams":	[{
					"socket":	5,
					"start":	3.000054,
					"end":	4.000054,
					"seconds":	1,
					"bytes":	2560000,
					"bits_per_second":	20480000,
					"packets":	40000,
					"omitted":	false,
					"sender":	true
				}],
			"sum":	{
				"start":	3.000054,
				"end":	4.000054,
				"seconds":	1,
				"bytes":	2560000,
				"bits_per_second":	20480000,
				"packets":	40000,
				"omitted":	false,
				"sender":	true
			}
		}, {
			"streams":	[{
					"socket":	5,
					"start":	4.000054,
					"end":	5.000057,
					"seconds":	1.0000029802322388,
					"bytes":	2560000,
					"bits_per_second":	20479938.965025648,
					"packets":	40000,
					"omitted":	false,
					"sender":	true
				}],
			"sum":	{
				"start":	4.000054,
				"end":	5.000057,
				"seconds":	1.0000029802322388,
				"bytes":	2560000,
				"bits_per_second":	20479938.965025648,
				"packets":	40000,
				"omitted":	false,
				"sender":	true
			}
		}],
	"end":	{
		"streams":	[{
				"udp":	{
					"socket":	5,
					"start":	0,
					"end":	5.000057,
					"seconds":	5.000057,
					"bytes":	12797824,
					"bits_per_second":	20476284.970351338,
					"jitter_ms":	0.0004787728890093925,
					"lost_packets":	0,
					"packets":	199966,
					"lost_percent":	0,
					"out_of_order":	0,
					"sender":	true
				}
			}],
		"sum":	{
			"start":	0,
			"end":	5.040804,
			"seconds":	5.040804,
			"bytes":	12797824,
			"bits_per_second":	20476284.970351338,
			"jitter_ms":	0.0004787728890093925,
			"lost_packets":	0,
			"packets":	199966,
			"lost_percent":	0,
			"sender":	true
		},
		"cpu_utilization_percent":	{
			"host_total":	9.9198418284492735,
			"host_user":	2.495003519230425,
			"host_system":	7.42483830921885,
			"remote_total":	8.42034324719611,
			"remote_user":	0,
			"remote_system":	8.42032370209275
		}
	}
}
