{
	"start":	{
		"connected":	[{
				"socket":	5,
				"local_host":	"10.199.0.1",
				"local_port":	49640,
				"remote_host":	"10.199.0.2",
				"remote_port":	5202
			}],
		"version":	"iperf 3.9",
		"system_info":	"Linux iiitd-Precision-3660 6.8.0-138-generic #138~22.04.1-Ubuntu SMP PREEMPT_DYNAMIC Fri Aug  7 13:43:15 UTC  x86_64",
		"timestamp":	{
			"time":	"Sun, 04 Oct 2026 05:55:32 GMT",
			"timesecs":	1791093332
		},
		"connecting_to":	{
			"host":	"10.199.0.2",
			"port":	5202
		},
		"cookie":	"psmngxm2c3sjj6awqincqbua3bsaseltabjl",
		"sock_bufsize":	0,
		"sndbuf_actual":	212992,
		"rcvbuf_actual":	212992,
		"test_start":	{
			"protocol":	"UDP",
			"num_streams":	1,
			"blksize":	64,
			"omit":	0,
			"duration":	5,
			"bytes":	0,
			"blocks":	0,
			"reverse":	0,
			"tos":	0
		}
	},
	"intervals":	[{
			"streams":	[{
					"socket":	5,
					"start":	0,
					"end":	1.000054,
					"seconds":	1.0000540018081665,
					"bytes":	5116032,
					"bits_per_second":	40926045.919519238,
					"packets":	79938,
					"omitted":	false,
					"sender":	true
				}],
			"sum":	{
				"start":	0,
				"end":	1.000054,
				"seconds":	1.0000540018081665,
				"bytes":	5116032,
				"bits_per_second":	40926045.919519238,
				"packets":	79938,
				"omitted":	false,
				"sender":	true
			}
		}, {
			"streams":	[{
					"socket":	5,
					"start":	1.000054,
					"end":	2.000056,
					"seconds":	1.0000020265579224,
					"bytes":	5120064,
					"bits_per_second":	40960428.991318122,
					"packets":	80001,
					"omitted":	false,
					"sender":	true
				}],
			"sum":	{
				"start":	1.000054,
				"end":	2.000056,
				"seconds":	1.0000020265579224,
				"bytes":	5120064,
				"bits_per_second":	40960428.991318122,
				"packets":	80001,
				"omitted":	false,
				"sender":	true
			}
		}, {
			"streams":	[{
					"socket":	5,
					"start":	2.000056,
					"end":	3.000054,
					"seconds":	0.99999797344207764,
					"bytes":	5119936,
					"bits_per_second":	40959571.006943122,
					"packets":	79999,
					"omitted":	false,
					"sender":	true
				}],
			"sum":	{
				"start":	2.000056,
				"end":	3.000054,
				"seconds":	0.99999797344207764,
				"bytes":	5119936,
				"bits_per_second":	40959571.006943122,
				"packets":	79999,
				"omitted":	false,
				"sender":	true
			}
		}, {
			"streams":	[{
					"socket":	5,
					"start":	3.000054,
					"end":	4.000054,
					"seconds":	1,
					"bytes":	5120064,
					"bits_per_second":	40960512,
					"packets":	80001,
					"omitted":	false,
					"sender":	true
				}],
			"sum":	{
				"start":	3.000054,
				"end":	4.000054,
				"seconds":	1,
				"bytes":	5120064,
				"bits_per_second":	40960512,
				"packets":	80001,
				"omitted":	false,
				"sender":	true
			}
		}, {
			"streams":	[{
					"socket":	5,
					"start":	4.000054,
					"end":	5.000056,
					"seconds":	1.0000020265579224,
					"bytes":	5120000,
					"bits_per_second":	40959916.992355719,
					"packets":	80000,
					"omitted":	false,
					"sender":	true
				}],
			"sum":	{
				"start":	4.000054,
				"end":	5.000056,
				"seconds":	1.0000020265579224,
				"bytes":	5120000,
				"bits_per_second":	40959916.992355719,
				"packets":	80000,
				"omitted":	false,
				"sender":	true
			}
		}],
	"end":	{
		"streams":	[{
				"udp":	{
					"socket":	5,
					"start":	0,
					"end":	5.000056,
					"seconds":	5.000056,
					"bytes":	25596096,
					"bits_per_second":	40953294.923096865,
					"jitter_ms":	0.00059411747159584063,
					"lost_packets":	0,
					"packets":	399939,
					"lost_percent":	0,
					"out_of_order":	0,
					"sender":	true
				}
			}],
		"sum":	{
			"start":	0,
			"end":	5.040807,
			"seconds":	5.040807,
			"bytes":	25596096,
			"bits_per_second":	40953294.923096865,
			"jitter_ms":	0.00059411747159584063,
			"lost_packets":	0,
			"packets":	399939,
			"lost_percent":	0,
			"sender":	true
		},
		"cpu_utilization_percent":	{
			"host_total":	18.060678158393316,
			"host_user":	5.4755866559445359,
			"host_system":	12.58507182640694,
			"remote_total":	16.007301302235486,
			"remote_user":	0,
			"remote_system":	16.007301302235486
		}
	}
}
