{
	"start":	{
		"connected":	[{
				"socket":	5,
				"local_host":	"10.199.0.1",
				"local_port":	36855,
				"remote_host":	"10.199.0.2",
				"remote_port":	5201
			}],
		"version":	"iperf 3.9",
		"system_info":	"Linux iiitd-Precision-3660 6.8.0-138-generic #138~22.04.1-Ubuntu SMP PREEMPT_DYNAMIC Fri Aug  7 13:43:15 UTC  x86_64",
		"timestamp":	{
			"time":	"Sun, 04 Oct 2026 05:55:12 GMT",
			"timesecs":	1791093312
		},
		"connecting_to":	{
			"host":	"10.199.0.2",
			"port":	5201
		},
		"cookie":	"zsrtxcxztlycotxd5g34alyhcwek45usznn7",
		"sock_bufsize":	0,
		"sndbuf_actual":	212992,
		"rcvbuf_actual":	212992,
		"test_start":	{
			"protocol":	"UDP",
			"num_streams":	1,
			"blksize":	64,
			"omit":	0,
			"duration":	5,
			"bytes":	0,
			"blocks":	0,
			"reverse":	0,
			"tos":	0
		}
	},
	"intervals":	[{
			"streams":	[{
					"socket":	5,
					"start":	0,
					"end":	1.000066,
					"seconds":	1.0000660419464111,
					"bytes":	319744,
					"bits_per_second":	2557783.0790269636,
					"packets":	4996,
					"omitted":	false,
					"sender":	true
				}],
			"sum":	{
				"start":	0,
				"end":	1.000066,
				"seconds":	1.0000660419464111,
				"bytes":	319744,
				"bits_per_second":	2557783.0790269636,
				"packets":	4996,
				"omitted":	false,
				"sender":	true
			}
		}, {
			"streams":	[{
					"socket":	5,
					"start":	1.000066,
					"end":	2.000054,
					"seconds":	0.9999880194664,
					"bytes":	320000,
					"bits_per_second":	2560030.6705334648,
					"packets":	5000,
					"omitted":	false,
					"sender":	true
				}],
			"sum":	{
				"start":	1.000066,
				"end":	2.000054,
				"seconds":	0.9999880194664,
				"bytes":	320000,
				"bits_per_second":	2560030.6705334648,
				"packets":	5000,
				"omitted":	false,
				"sender":	true
			}
		}, {
			"streams":	[{
					"socket":	5,
					"start":	2.000054,
					"end":	3.000066,
					"seconds":	1.0000120401382446,
					"bytes":	320000,
					"bits_per_second":	2559969.1776172,
					"packets":	5000,
					"omitted":	false,
					"sender":	true
				}],
			"sum":	{
				"start":	2.000054,
				"end":	3.000066,
				"seconds":	1.0000120401382446,
				"bytes":	320000,
				"bits_per_second":	2559969.1776172,
				"packets":	5000,
				"omitted":	false,
				"sender":	true
			}
		}, {
			"streams":	[{
					"socket":	5,
					"start":	3.000066,
					"end":	4.000054,
					"seconds":	0.9999880194664,
					"bytes":	320000,
					"bits_per_second":	2560030.6705334648,
					"packets":	5000,
					"omitted":	false,
					"sender":	true
				}],
			"sum":	{
				"start":	3.000066,
				"end":	4.000054,
				"seconds":	0.9999880194664,
				"bytes":	320000,
				"bits_per_second":	2560030.6705334648,
				"packets":	5000,
				"omitted":	false,
				"sender":	true
			}
		}, {
			"streams":	[{
					"socket":	5,
					"start":	4.000054,
					"end":	5.000078,
					"seconds":	1.0000239610672,
					"bytes":	320000,
					"bits_per_second":	2559938.6611377131,
					"packets":	5000,
					"omitted":	false,
					"sender":	true
				}],
			"sum":	{
				"start":	4.000054,
				"end":	5.000078,
				"seconds":	1.0000239610672,
				"bytes":	320000,
				"bits_per_second":	2559938.6611377131,
				"packets":	5000,
				"omitted":	false,
				"sender":	true
			}
		}],
	"end":	{
		"streams":	[{
				"udp":	{
					"socket":	5,
					"start":	0,
					"end":	5.000078,
					"seconds":	5.000078,
					"bytes":	1599744,
					"bits_per_second":	2559550.4710126519,
					"jitter_ms":	0.0045922866588944339,
					"lost_packets":	0,
					"packets":	24996,
					"lost_percent":	0,
					"out_of_order":	0,
					"sender":	true
				}
			}],
		"sum":	{
			"start":	0,
			"end":	5.040729,
			"seconds":	5.040729,
			"bytes":	1599744,
			"bits_per_second":	2559550.4710126519,
			"jitter_ms":	0.0045922866588944339,
			"lost_packets":	0,
			"packets":	24996,
			"lost_percent":	0,
			"sender":	true
		},
		"cpu_utilization_percent":	{
			"host_total":	3.3663432965336,
			"host_user":	0.8766844900003975,
			"host_system":	2.4896981603281474,
			"remote_total":	1.5287215955682547,
			"remote_user":	0,
			"remote_system":	1.5287215955682547
		}
	}
}
