{
	"start":	{
		"connected":	[{
				"socket":	5,
				"local_host":	"10.199.0.1",
				"local_port":	60811,
				"remote_host":	"10.199.0.2",
				"remote_port":	5202
			}],
		"version":	"iperf 3.9",
		"system_info":	"Linux iiitd-Precision-3660 6.8.0-138-generic #138~22.04.1-Ubuntu SMP PREEMPT_DYNAMIC Fri Aug  7 13:43:15 UTC  x86_64",
		"timestamp":	{
			"time":	"Sun, 04 Oct 2026 05:55:38 GMT",
			"timesecs":	1791093338
		},
		"connecting_to":	{
			"host":	"10.199.0.2",
			"port":	5202
		},
		"cookie":	"uyflr6apn4avg52r4bqjq2jpka5f6qrnwos4",
		"sock_bufsize":	0,
		"sndbuf_actual":	212992,
		"rcvbuf_actual":	212992,
		"test_start":	{
			"protocol":	"UDP",
			"num_streams":	1,
			"blksize":	64,
			"omit":	0,
			"duration":	5,
			"bytes":	0,
			"blocks":	0,
			"reverse":	0,
			"tos":	0
		}
	},
	"intervals":	[{
			"streams":	[{
					"socket":	5,
					"start":	0,
					"end":	1.000054,
					"seconds":	1.0000540018081665,
					"bytes":	10233984,
					"bits_per_second":	81867451.0096155,
					"packets":	159906,
					"omitted":	false,
					"sender":	true
				}],
			"sum":	{
				"start":	0,
				"end":	1.000054,
				"seconds":	1.0000540018081665,
				"bytes":	10233984,
				"bits_per_second":	81867451.0096155,
				"packets":	159906,
				"omitted":	false,
				"sender":	true
			}
		}, {
			"streams":	[{
					"socket":	5,
					"start":	1.000054,
					"end":	2.000054,
					"seconds":	1,
					"bytes":	10240128,
					"bits_per_second":	81921024,
					"packets":	160002,
					"omitted":	false,
					"sender":	true
				}],
			"sum":	{
				"start":	1.000054,
				"end":	2.000054,
				"seconds":	1,
				"bytes":	10240128,
				"bits_per_second":	81921024,
				"packets":	160002,
				"omitted":	false,
				"sender":	true
			}
		}, {
			"streams":	[{
					"socket":	5,
					"start":	2.000054,
					"end":	3.000054,
					"seconds":	1,
					"bytes":	10239872,
					"bits_per_second":	81918976,
					"packets":	159998,
					"omitted":	false,
					"sender":	true
				}],
			"sum":	{
				"start":	2.000054,
				"end":	3.000054,
				"seconds":	1,
				"bytes":	10239872,
				"bits_per_second":	81918976,
				"packets":	159998,
				"omitted":	false,
				"sender":	true
			}
		}, {
			"streams":	[{
					"socket":	5,
					"start":	3.000054,
					"end":	4.000054,
					"seconds":	1,
					"bytes":	10240000,
					"bits_per_second":	81920000,
					"packets":	160000,
					"omitted":	false,
					"sender":	true
				}],
			"sum":	{
				"start":	3.000054,
				"end":	4.000054,
				"seconds":	1,
				"bytes":	10240000,
				"bits_per_second":	81920000,
				"packets":	160000,
				"omitted":	false,
				"sender":	true
			}
		}, {
			"streams":	[{
					"socket":	5,
					"start":	4.000054,
					"end":	5.000056,
					"seconds":	1.0000020265579224,
					"bytes":	10240192,
					"bits_per_second":	81921369.98159866,
					"packets":	160003,
					"omitted":	false,
					"sender":	true
				}],
			"sum":	{
				"start":	4.000054,
				"end":	5.000056,
				"seconds":	1.0000020265579224,
				"bytes":	10240192,
				"bits_per_second":	81921369.98159866,
				"packets":	160003,
				"omitted":	false,
				"sender":	true
			}
		}],
	"end":	{
		"streams":	[{
				"udp":	{
					"socket":	5,
					"start":	0,
					"end":	5.000056,
					"seconds":	5.000056,
					"bytes":	51194176,
					"bits_per_second":	81909764.210640848,
					"jitter_ms":	0.00052671913186699674,
					"lost_packets":	0,
					"packets":	799909,
					"lost_percent":	0,
					"out_of_order":	0,
					"sender":	true
				}
			}],
		"sum":	{
			"start":	0,
			"end":	5.041689,
			"seconds":	5.041689,
			"bytes":	51194176,
			"bits_per_second":	81909764.210640848,
			"jitter_ms":	0.00052671913186699674,
			"lost_packets":	0,
			"packets":	799909,
			"lost_percent":	0,
			"sender":	true
		},
		"cpu_utilization_percent":	{
			"host_total":	35.750791411184174,
			"host_user":	6.3647974166418582,
			"host_system":	29.385993994542321,
			"remote_total":	31.534407145373873,
			"remote_user":	0,
			"remote_system":	31.534407145373873
		}
	}
}
