{
	"start":	{
		"connected":	[{
				"socket":	5,
				"local_host":	"10.199.0.1",
				"local_port":	49462,
				"remote_host":	"10.199.0.2",
				"remote_port":	5202
			}],
		"version":	"iperf 3.9",
		"system_info":	"Linux iiitd-Precision-3660 6.8.0-138-generic #138~22.04.1-Ubuntu SMP PREEMPT_DYNAMIC Fri Aug  7 13:43:15 UTC  x86_64",
		"timestamp":	{
			"time":	"Sun, 04 Oct 2026 05:55:43 GMT",
			"timesecs":	1791093343
		},
		"connecting_to":	{
			"host":	"10.199.0.2",
			"port":	5202
		},
		"cookie":	"yhvxb2olhja3cswupkicivmexs6u3qdwsf6c",
		"sock_bufsize":	0,
		"sndbuf_actual":	212992,
		"rcvbuf_actual":	212992,
		"test_start":	{
			"protocol":	"UDP",
			"num_streams":	1,
			"blksize":	64,
			"omit":	0,
			"duration":	5,
			"bytes":	0,
			"blocks":	0,
			"reverse":	0,
			"tos":	0
		}
	},
	"intervals":	[{
			"streams":	[{
					"socket":	5,
					"start":	0,
					"end":	1.000003,
					"seconds":	1.0000029802322388,
					"bytes":	20478848,
					"bits_per_second":	163830295.74767092,
					"packets":	319982,
					"omitted":	false,
					"sender":	true
				}],
			"sum":	{
				"start":	0,
				"end":	1.000003,
				"seconds":	1.0000029802322388,
				"bytes":	20478848,
				"bits_per_second":	163830295.74767092,
				"packets":	319982,
				"omitted":	false,
				"sender":	true
			}
		}, {
			"streams":	[{
					"socket":	5,
					"start":	1.000003,
					"end":	2.000002,
					"seconds":	0.99999898672103882,
					"bytes":	20469696,
					"bits_per_second":	163757733.93226653,
					"packets":	319839,
					"omitted":	false,
					"sender":	true
				}],
			"sum":	{
				"start":	1.000003,
				"end":	2.000002,
				"seconds":	0.99999898672103882,
				"bytes":	20469696,
				"bits_per_second":	163757733.93226653,
				"packets":	319839,
				"omitted":	false,
				"sender":	true
			}
		}, {
			"streams":	[{
					"socket":	5,
					"start":	2.000002,
					"end":	3.000056,
					"seconds":	1.0000540018081665,
					"bytes":	20490944,
					"bits_per_second":	163918700.09380263,
					"packets":	320171,
					"omitted":	false,
					"sender":	true
				}],
			"sum":	{
				"start":	2.000002,
				"end":	3.000056,
				"seconds":	1.0000540018081665,
				"bytes":	20490944,
				"bits_per_second":	163918700.09380263,
				"packets":	320171,
				"omitted":	false,
				"sender":	true
			}
		}, {
			"streams":	[{
					"socket":	5,
					"start":	3.000056,
					"end":	4.000003,
					"seconds":	0.99994701147079468,
					"bytes":	20474560,
					"bits_per_second":	163805159.79449376,
					"packets":	319915,
					"omitted":	false,
					"sender":	true
				}],
			"sum":	{
				"start":	3.000056,
				"end":	4.000003,
				"seconds":	0.99994701147079468,
				"bytes":	20474560,
				"bits_per_second":	163805159.79449376,
				"packets":	319915,
				"omitted":	false,
				"sender":	true
			}
		}, {
			"streams":	[{
					"socket":	5,
					"start":	4.000003,
					"end":	5.000004,
					"seconds":	1.0000009536743164,
					"bytes":	20485568,
					"bits_per_second":	163884387.70766857,
					"packets":	320087,
					"omitted":	false,
					"sender":	true
				}],
			"sum":	{
				"start":	4.000003,
				"end":	5.000004,
				"seconds":	1.0000009536743164,
				"bytes":	20485568,
				"bits_per_second":	163884387.70766857,
				"packets":	320087,
				"omitted":	false,
				"sender":	true
			}
		}],
	"end":	{
		"streams":	[{
				"udp":	{
					"socket":	5,
					"start":	0,
					"end":	5.000004,
					"seconds":	5.000004,
					"bytes":	102399616,
					"bits_per_second":	163839254.5285964,
					"jitter_ms":	0.000960649188266886,
					"lost_packets":	267142,
					"packets":	1599994,
					"lost_percent":	16.696437611641045,
					"out_of_order":	0,
					"sender":	true
				}
			}],
		"sum":	{
			"start":	0,
			"end":	5.041659,
			"seconds":	5.041659,
			"bytes":	102399616,
			"bits_per_second":	163839254.5285964,
			"jitter_ms":	0.000960649188266886,
			"lost_packets":	267142,
			"packets":	1599994,
			"lost_percent":	16.696437611641045,
			"sender":	true
		},
		"cpu_utilization_percent":	{
			"host_total":	68.575768516760434,
			"host_user":	13.9260441271812,
			"host_system":	54.649724389579234,
			"remote_total":	48.794965606366873,
			"remote_user":	27.736296637045328,
			"remote_system":	21.058649477322035
		}
	}
}
