{
	"start":	{
		"connected":	[{
				"socket":	5,
				"local_host":	"10.199.0.2",
				"local_port":	5202,
				"remote_host":	"10.199.0.1",
				"remote_port":	59047
			}],
		"version":	"iperf 3.9",
		"system_info":	"Linux iiitd-Precision-3660 6.8.0-138-generic #138~22.04.1-Ubuntu SMP PREEMPT_DYNAMIC Fri Aug  7 13:43:15 UTC  x86_64",
		"target_bitrate":	2560000,
		"timestamp":	{
			"time":	"Sun, 04 Oct 2026 05:55:12 GMT",
			"timesecs":	1791093312
		},
		"accepted_connection":	{
			"host":	"10.199.0.1",
			"port":	53263
		},
		"cookie":	"3jsn3drskwjfcd2o4i5ai7le2v3axqkgvlor",
		"sock_bufsize":	0,
		"sndbuf_actual":	212992,
		"rcvbuf_actual":	212992,
		"test_start":	{
			"protocol":	"UDP",
			"num_streams":	1,
			"blksize":	64,
			"omit":	0,
			"duration":	5,
			"bytes":	0,
			"blocks":	0,
			"reverse":	0,
			"tos":	0
		}
	},
	"intervals":	[{
			"streams":	[{
					"socket":	5,
					"start":	0,
					"end":	1.000055,
					"seconds":	1.0000549554824829,
					"bytes":	306944,
					"bits_per_second":	2455417.0613706955,
					"jitter_ms":	0.0034150812469349858,
					"lost_packets":	0,
					"packets":	4796,
					"lost_percent":	0,
					"omitted":	false,
					"sender":	false
				}],
			"sum":	{
				"start":	0,
				"end":	1.000055,
				"seconds":	1.0000549554824829,
				"bytes":	306944,
				"bits_per_second":	2455417.0613706955,
				"jitter_ms":	0.0034150812469349858,
				"lost_packets":	0,
				"packets":	4796,
				"lost_percent":	0,
				"omitted":	false,
				"sender":	false
			}
		}, {
			"streams":	[{
					"socket":	5,
					"start":	1.000055,
					"end":	2.000056,
					"seconds":	1.0000009536743164,
					"bytes":	320000,
					"bits_per_second":	2559997.5585960783,
					"jitter_ms":	0.0040962583238764337,
					"lost_packets":	0,
					"packets":	5000,
					"lost_percent":	0,
					"omitted":	false,
					"sender":	false
				}],
			"sum":	{
				"start":	1.000055,
				"end":	2.000056,
				"seconds":	1.0000009536743164,
				"bytes":	320000,
				"bits_per_second":	2559997.5585960783,
				"jitter_ms":	0.0040962583238764337,
				"lost_packets":	0,
				"packets":	5000,
				"lost_percent":	0,
				"omitted":	false,
				"sender":	false
			}
		}, {
			"streams":	[{
					"socket":	5,
					"start":	2.000056,
					"end":	3.000055,
					"seconds":	0.99999898672103882,
					"bytes":	320000,
					"bits_per_second":	2560002.5939967693,
					"jitter_ms":	0.0023106021192223093,
					"lost_packets":	0,
					"packets":	5000,
					"lost_percent":	0,
					"omitted":	false,
					"sender":	false
				}],
			"sum":	{
				"start":	2.000056,
				"end":	3.000055,
				"seconds":	0.99999898672103882,
				"bytes":	320000,
				"bits_per_second":	2560002.5939967693,
				"jitter_ms":	0.0023106021192223093,
				"lost_packets":	0,
				"packets":	5000,
				"lost_percent":	0,
				"omitted":	false,
				"sender":	false
			}
		}, {
			"streams":	[{
					"socket":	5,
					"start":	3.000055,
					"end":	4.000056,
					"seconds":	1.0000009536743164,
					"bytes":	320000,
					"bits_per_second":	2559997.5585960783,
					"jitter_ms":	0.003295013261597049,
					"lost_packets":	0,
					"packets":	5000,
					"lost_percent":	0,
					"omitted":	false,
					"sender":	false
				}],
			"sum":	{
				"start":	3.000055,
				"end":	4.000056,
				"seconds":	1.0000009536743164,
				"bytes":	320000,
				"bits_per_second":	2559997.5585960783,
				"jitter_ms":	0.003295013261597049,
				"lost_packets":	0,
				"packets":	5000,
				"lost_percent":	0,
				"omitted":	false,
				"sender":	false
			}
		}, {
			"streams":	[{
					"socket":	5,
					"start":	4.000056,
					"end":	5.000055,
					"seconds":	0.99999898672103882,
					"bytes":	320000,
					"bits_per_second":	2560002.5939967693,
					"jitter_ms":	0.002569788080178134,
					"lost_packets":	0,
					"packets":	5000,
					"lost_percent":	0,
					"omitted":	false,
					"sender":	false
				}],
			"sum":	{
				"start":	4.000056,
				"end":	5.000055,
				"seconds":	0.99999898672103882,
				"bytes":	320000,
				"bits_per_second":	2560002.5939967693,
				"jitter_ms":	0.002569788080178134,
				"lost_packets":	0,
				"packets":	5000,
				"lost_percent":	0,
				"omitted":	false,
				"sender":	false
			}
		}, {
			"streams":	[{
					"socket":	5,
					"start":	5.000055,
					"end":	5.040706,
					"seconds":	0.040651001036167145,
					"bytes":	12800,
					"bits_per_second":	2519003.1583452239,
					"jitter_ms":	0.0057565392031697672,
					"lost_packets":	0,
					"packets":	200,
					"lost_percent":	0,
					"omitted":	false,
					"sender":	false
				}],
			"sum":	{
				"start":	5.000055,
				"end":	5.040706,
				"seconds":	0.040651001036167145,
				"bytes":	12800,
				"bits_per_second":	2519003.1583452239,
				"jitter_ms":	0.0057565392031697672,
				"lost_packets":	0,
				"packets":	200,
				"lost_percent":	0,
				"omitted":	false,
				"sender":	false
			}
		}],
	"end":	{
		"streams":	[{
				"udp":	{
					"socket":	5,
					"start":	0,
					"end":	5.040706,
					"seconds":	5.040706,
					"bytes":	0,
					"bits_per_second":	0,
					"jitter_ms":	0.0057565392031697672,
					"lost_packets":	0,
					"packets":	24996,
					"lost_percent":	0,
					"out_of_order":	0,
					"sender":	false
				}
			}],
		"sum":	{
			"start":	0,
			"end":	5.040706,
			"seconds":	5.040706,
			"bytes":	0,
			"bits_per_second":	0,
			"jitter_ms":	0.0057565392031697672,
			"lost_packets":	0,
			"packets":	24996,
			"lost_percent":	0,
			"sender":	false
		},
		"cpu_utilization_percent":	{
			"host_total":	2.2041238596059856,
			"host_user":	0,
			"host_system":	2.2041238596059856,
			"remote_total":	0,
			"remote_user":	0,
			"remote_system":	0
		}
	}
}
{
	"start":	{
		"connected":	[{
				"socket":	5,
				"local_host":	"10.199.0.2",
				"local_port":	5202,
				"remote_host":	"10.199.0.1",
				"remote_port":	45176
			}],
		"version":	"iperf 3.9",
		"system_info":	"Linux iiitd-Precision-3660 6.8.0-138-generic #138~22.04.1-Ubuntu SMP PREEMPT_DYNAMIC Fri Aug  7 13:43:15 UTC  x86_64",
		"target_bitrate":	5120000,
		"timestamp":	{
			"time":	"Sun, 04 Oct 2026 05:55:17 GMT",
			"timesecs":	1791093317
		},
		"accepted_connection":	{
			"host":	"10.199.0.1",
			"port":	33595
		},
		"cookie":	"jxhepirsymbw747dioy5jfof6tbg4wokhte7",
		"sock_bufsize":	0,
		"sndbuf_actual":	212992,
		"rcvbuf_actual":	212992,
		"test_start":	{
			"protocol":	"UDP",
			"num_streams":	1,
			"blksize":	64,
			"omit":	0,
			"duration":	5,
			"bytes":	0,
			"blocks":	0,
			"reverse":	0,
			"tos":	0
		}
	},
	"intervals":	[{
			"streams":	[{
					"socket":	5,
					"start":	0,
					"end":	1.000054,
					"seconds":	1.0000540018081665,
					"bytes":	613248,
					"bits_per_second":	4905719.0822992,
					"jitter_ms":	0.0025679833674198721,
					"lost_packets":	0,
					"packets":	9582,
					"lost_percent":	0,
					"omitted":	false,
					"sender":	false
				}],
			"sum":	{
				"start":	0,
				"end":	1.000054,
				"seconds":	1.0000540018081665,
				"bytes":	613248,
				"bits_per_second":	4905719.0822992,
				"jitter_ms":	0.0025679833674198721,
				"lost_packets":	0,
				"packets":	9582,
				"lost_percent":	0,
				"omitted":	false,
				"sender":	false
			}
		}, {
			"streams":	[{
					"socket":	5,
					"start":	1.000054,
					"end":	2.000054,
					"seconds":	1,
					"bytes":	639936,
					"bits_per_second":	5119488,
					"jitter_ms":	0.0024012105516370828,
					"lost_packets":	0,
					"packets":	9999,
					"lost_percent":	0,
					"omitted":	false,
					"sender":	false
				}],
			"sum":	{
				"start":	1.000054,
				"end":	2.000054,
				"seconds":	1,
				"bytes":	639936,
				"bits_per_second":	5119488,
				"jitter_ms":	0.0024012105516370828,
				"lost_packets":	0,
				"packets":	9999,
				"lost_percent":	0,
				"omitted":	false,
				"sender":	false
			}
		}, {
			"streams":	[{
					"socket":	5,
					"start":	2.000054,
					"end":	3.000054,
					"seconds":	1,
					"bytes":	640064,
					"bits_per_second":	5120512,
					"jitter_ms":	0.003412374700136795,
					"lost_packets":	0,
					"packets":	10001,
					"lost_percent":	0,
					"omitted":	false,
					"sender":	false
				}],
			"sum":	{
				"start":	2.000054,
				"end":	3.000054,
				"seconds":	1,
				"bytes":	640064,
				"bits_per_second":	5120512,
				"jitter_ms":	0.003412374700136795,
				"lost_packets":	0,
				"packets":	10001,
				"lost_percent":	0,
				"omitted":	false,
				"sender":	false
			}
		}, {
			"streams":	[{
					"socket":	5,
					"start":	3.000054,
					"end":	4.000053,
					"seconds":	0.99999898672103882,
					"bytes":	639936,
					"bits_per_second":	5119493.18747474,
					"jitter_ms":	0.00058306565466174768,
					"lost_packets":	0,
					"packets":	9999,
					"lost_percent":	0,
					"omitted":	false,
					"sender":	false
				}],
			"sum":	{
				"start":	3.000054,
				"end":	4.000053,
				"seconds":	0.99999898672103882,
				"bytes":	639936,
				"bits_per_second":	5119493.18747474,
				"jitter_ms":	0.00058306565466174768,
				"lost_packets":	0,
				"packets":	9999,
				"lost_percent":	0,
				"omitted":	false,
				"sender":	false
			}
		}, {
			"streams":	[{
					"socket":	5,
					"start":	4.000053,
					"end":	5.000054,
					"seconds":	1.0000009536743164,
					"bytes":	640064,
					"bits_per_second":	5120507.1167038754,
					"jitter_ms":	0.0043486378229389763,
					"lost_packets":	0,
					"packets":	10001,
					"lost_percent":	0,
					"omitted":	false,
					"sender":	false
				}],
			"sum":	{
				"start":	4.000053,
				"end":	5.000054,
				"seconds":	1.0000009536743164,
				"bytes":	640064,
				"bits_per_second":	5120507.1167038754,
				"jitter_ms":	0.0043486378229389763,
				"lost_packets":	0,
				"packets":	10001,
				"lost_percent":	0,
				"omitted":	false,
				"sender":	false
			}
		}, {
			"streams":	[{
					"socket":	5,
					"start":	5.000054,
					"end":	5.041696,
					"seconds":	0.041641999036073685,
					"bytes":	26176,
					"bits_per_second":	5028769.1476721317,
					"jitter_ms":	0.00052928671377838168,
					"lost_packets":	0,
					"packets":	409,
					"lost_percent":	0,
					"omitted":	false,
					"sender":	false
				}],
			"sum":	{
				"start":	5.000054,
				"end":	5.041696,
				"seconds":	0.041641999036073685,
				"bytes":	26176,
				"bits_per_second":	5028769.1476721317,
				"jitter_ms":	0.00052928671377838168,
				"lost_packets":	0,
				"packets":	409,
				"lost_percent":	0,
				"omitted":	false,
				"sender":	false
			}
		}],
	"end":	{
		"streams":	[{
				"udp":	{
					"socket":	5,
					"start":	0,
					"end":	5.041696,
					"seconds":	5.041696,
					"bytes":	0,
					"bits_per_second":	0,
					"jitter_ms":	0.00052928671377838168,
					"lost_packets":	0,
					"packets":	49991,
					"lost_percent":	0,
					"out_of_order":	0,
					"sender":	false
				}
			}],
		"sum":	{
			"start":	0,
			"end":	5.041696,
			"seconds":	5.041696,
			"bytes":	0,
			"bits_per_second":	0,
			"jitter_ms":	0.00052928671377838168,
			"lost_packets":	0,
			"packets":	49991,
			"lost_percent":	0,
			"sender":	false
		},
		"cpu_utilization_percent":	{
			"host_total":	3.4380137357010634,
			"host_user":	0,
			"host_system":	3.4379942667971863,
			"remote_total":	3.8755600298472692,
			"remote_user":	0.730813369561453,
			"remote_system":	3.1447663380738433
		}
	}
}
{
	"start":	{
		"connected":	[{
				"socket":	5,
				"local_host":	"10.199.0.2",
				"local_port":	5202,
				"remote_host":	"10.199.0.1",
				"remote_port":	56437
			}],
		"version":	"iperf 3.9",
		"system_info":	"Linux iiitd-Precision-3660 6.8.0-138-generic #138~22.04.1-Ubuntu SMP PREEMPT_DYNAMIC Fri Aug  7 13:43:15 UTC  x86_64",
		"target_bitrate":	10240000,
		"timestamp":	{
			"time":	"Sun, 04 Oct 2026 05:55:22 GMT",
			"timesecs":	1791093322
		},
		"accepted_connection":	{
			"host":	"10.199.0.1",
			"port":	40879
		},
		"cookie":	"2sp6sxrwdubm23c4mu7b5h3bsxv3fobsujcs",
		"sock_bufsize":	0,
		"sndbuf_actual":	212992,
		"rcvbuf_actual":	212992,
		"test_start":	{
			"protocol":	"UDP",
			"num_streams":	1,
			"blksize":	64,
			"omit":	0,
			"duration":	5,
			"bytes":	0,
			"blocks":	0,
			"reverse":	0,
			"tos":	0
		}
	},
	"intervals":	[{
			"streams":	[{
					"socket":	5,
					"start":	0,
					"end":	1.000054,
					"seconds":	1.0000540018081665,
					"bytes":	1227648,
					"bits_per_second":	9820653.66694461,
					"jitter_ms":	0.00079186239106864335,
					"lost_packets":	0,
					"packets":	19182,
					"lost_percent":	0,
					"omitted":	false,
					"sender":	false
				}],
			"sum":	{
				"start":	0,
				"end":	1.000054,
				"seconds":	1.0000540018081665,
				"bytes":	1227648,
				"bits_per_second":	9820653.66694461,
				"jitter_ms":	0.00079186239106864335,
				"lost_packets":	0,
				"packets":	19182,
				"lost_percent":	0,
				"omitted":	false,
				"sender":	false
			}
		}, {
			"streams":	[{
					"socket":	5,
					"start":	1.000054,
					"end":	2.000055,
					"seconds":	1.0000009536743164,
					"bytes":	1280000,
					"bits_per_second":	10239990.234384313,
					"jitter_ms":	0.00068444187594297651,
					"lost_packets":	0,
					"packets":	20000,
					"lost_percent":	0,
					"omitted":	false,
					"sender":	false
				}],
			"sum":	{
				"start":	1.000054,
				"end":	2.000055,
				"seconds":	1.0000009536743164,
				"bytes":	1280000,
				"bits_per_second":	10239990.234384313,
				"jitter_ms":	0.00068444187594297651,
				"lost_packets":	0,
				"packets":	20000,
				"lost_percent":	0,
				"omitted":	false,
				"sender":	false
			}
		}, {
			"streams":	[{
					"socket":	5,
					"start":	2.000055,
					"end":	3.000054,
					"seconds":	0.99999898672103882,
					"bytes":	1280000,
					"bits_per_second":	10240010.375987077,
					"jitter_ms":	0.000717420070836652,
					"lost_packets":	0,
					"packets":	20000,
					"lost_percent":	0,
					"omitted":	false,
					"sender":	false
				}],
			"sum":	{
				"start":	2.000055,
				"end":	3.000054,
				"seconds":	0.99999898672103882,
				"bytes":	1280000,
				"bits_per_second":	10240010.375987077,
				"jitter_ms":	0.000717420070836652,
				"lost_packets":	0,
				"packets":	20000,
				"lost_percent":	0,
				"omitted":	false,
				"sender":	false
			}
		}, {
			"streams":	[{
					"socket":	5,
					"start":	3.000054,
					"end":	4.000055,
					"seconds":	1.0000009536743164,
					"bytes":	1280000,
					"bits_per_second":	10239990.234384313,
					"jitter_ms":	0.00084223444905180255,
					"lost_packets":	0,
					"packets":	20000,
					"lost_percent":	0,
					"omitted":	false,
					"sender":	false
				}],
			"sum":	{
				"start":	3.000054,
				"end":	4.000055,
				"seconds":	1.0000009536743164,
				"bytes":	1280000,
				"bits_per_second":	10239990.234384313,
				"jitter_ms":	0.00084223444905180255,
				"lost_packets":	0,
				"packets":	20000,
				"lost_percent":	0,
				"omitted":	false,
				"sender":	false
			}
		}, {
			"streams":	[{
					"socket":	5,
					"start":	4.000055,
					"end":	5.000054,
					"seconds":	0.99999898672103882,
					"bytes":	1280000,
					"bits_per_second":	10240010.375987077,
					"jitter_ms":	0.00084717445591885358,
					"lost_packets":	0,
					"packets":	20000,
					"lost_percent":	0,
					"omitted":	false,
					"sender":	false
				}],
			"sum":	{
				"start":	4.000055,
				"end":	5.000054,
				"seconds":	0.99999898672103882,
				"bytes":	1280000,
				"bits_per_second":	10240010.375987077,
				"jitter_ms":	0.00084717445591885358,
				"lost_packets":	0,
				"packets":	20000,
				"lost_percent":	0,
				"omitted":	false,
				"sender":	false
			}
		}, {
			"streams":	[{
					"socket":	5,
					"start":	5.000054,
					"end":	5.040777,
					"seconds":	0.040722999721765518,
					"bytes":	51200,
					"bits_per_second":	10058198.1386081,
					"jitter_ms":	0.001012507267029834,
					"lost_packets":	0,
					"packets":	800,
					"lost_percent":	0,
					"omitted":	false,
					"sender":	false
				}],
			"sum":	{
				"start":	5.000054,
				"end":	5.040777,
				"seconds":	0.040722999721765518,
				"bytes":	51200,
				"bits_per_second":	10058198.1386081,
				"jitter_ms":	0.001012507267029834,
				"lost_packets":	0,
				"packets":	800,
				"lost_percent":	0,
				"omitted":	false,
				"sender":	false
			}
		}],
	"end":	{
		"streams":	[{
				"udp":	{
					"socket":	5,
					"start":	0,
					"end":	5.040777,
					"seconds":	5.040777,
					"bytes":	0,
					"bits_per_second":	0,
					"jitter_ms":	0.001012507267029834,
					"lost_packets":	0,
					"packets":	99982,
					"lost_percent":	0,
					"out_of_order":	0,
					"sender":	false
				}
			}],
		"sum":	{
			"start":	0,
			"end":	5.040777,
			"seconds":	5.040777,
			"bytes":	0,
			"bits_per_second":	0,
			"jitter_ms":	0.001012507267029834,
			"lost_packets":	0,
			"packets":	99982,
			"lost_percent":	0,
			"sender":	false
		},
		"cpu_utilization_percent":	{
			"host_total":	4.30581016233586,
			"host_user":	0,
			"host_system":	4.3058295856121687,
			"remote_total":	5.270119183623363,
			"remote_user":	1.3624835898978496,
			"remote_system":	3.9076355937255127
		}
	}
}
{
	"start":	{
		"connected":	[{
				"socket":	5,
				"local_host":	"10.199.0.2",
				"local_port":	5202,
				"remote_host":	"10.199.0.1",
				"remote_port":	50744
			}],
		"version":	"iperf 3.9",
		"system_info":	"Linux iiitd-Precision-3660 6.8.0-138-generic #138~22.04.1-Ubuntu SMP PREEMPT_DYNAMIC Fri Aug  7 13:43:15 UTC  x86_64",
		"target_bitrate":	20480000,
		"timestamp":	{
			"time":	"Sun, 04 Oct 2026 05:55:27 GMT",
			"timesecs":	1791093327
		},
		"accepted_connection":	{
			"host":	"10.199.0.1",
			"port":	35607
		},
		"cookie":	"atgoaqjq63nz3ont3ycwbjxp7zblekzebaeu",
		"sock_bufsize":	0,
		"sndbuf_actual":	212992,
		"rcvbuf_actual":	212992,
		"test_start":	{
			"protocol":	"UDP",
			"num_streams":	1,
			"blksize":	64,
			"omit":	0,
			"duration":	5,
			"bytes":	0,
			"blocks":	0,
			"reverse":	0,
			"tos":	0
		}
	},
	"intervals":	[{
			"streams":	[{
					"socket":	5,
					"start":	0,
					"end":	1.000055,
					"seconds":	1.0000549554824829,
					"bytes":	2455424,
					"bits_per_second":	19642312.547236886,
					"jitter_ms":	0.00074058497905681573,
					"lost_packets":	0,
					"packets":	38366,
					"lost_percent":	0,
					"omitted":	false,
					"sender":	false
				}],
			"sum":	{
				"start":	0,
				"end":	1.000055,
				"seconds":	1.0000549554824829,
				"bytes":	2455424,
				"bits_per_second":	19642312.547236886,
				"jitter_ms":	0.00074058497905681573,
				"lost_packets":	0,
				"packets":	38366,
				"lost_percent":	0,
				"omitted":	false,
				"sender":	false
			}
		}, {
			"streams":	[{
					"socket":	5,
					"start":	1.000055,
					"end":	2.000055,
					"seconds":	1,
					"bytes":	2560000,
					"bits_per_second":	20480000,
					"jitter_ms":	0.000906999918046529,
					"lost_packets":	0,
					"packets":	40000,
					"lost_percent":	0,
					"omitted":	false,
					"sender":	false
				}],
			"sum":	{
				"start":	1.000055,
				"end":	2.000055,
				"seconds":	1,
				"bytes":	2560000,
				"bits_per_second":	20480000,
				"jitter_ms":	0.000906999918046529,
				"lost_packets":	0,
				"packets":	40000,
				"lost_percent":	0,
				"omitted":	false,
				"sender":	false
			}
		}, {
			"streams":	[{
					"socket":	5,
					"start":	2.000055,
					"end":	3.000054,
					"seconds":	0.99999898672103882,
					"bytes":	2560000,
					"bits_per_second":	20480020.751974154,
					"jitter_ms":	0.000520962848550645,
					"lost_packets":	0,
					"packets":	40000,
					"lost_percent":	0,
					"omitted":	false,
					"sender":	false
				}],
			"sum":	{
				"start":	2.000055,
				"end":	3.000054,
				"seconds":	0.99999898672103882,
				"bytes":	2560000,
				"bits_per_second":	20480020.751974154,
				"jitter_ms":	0.000520962848550645,
				"lost_packets":	0,
				"packets":	40000,
				"lost_percent":	0,
				"omitted":	false,
				"sender":	false
			}
		}, {
			"streams":	[{
					"socket":	5,
					"start":	3.000054,
					"end":	4.000054,
					"seconds":	1,
					"bytes":	2560064,
					"bits_per_second":	20480512,
					"jitter_ms":	0.000874090601156139,
					"lost_packets":	0,
					"packets":	40001,
					"lost_percent":	0,
					"omitted":	false,
					"sender":	false
				}],
			"sum":	{
				"start":	3.000054,
				"end":	4.000054,
				"seconds":	1,
				"bytes":	2560064,
				"bits_per_second":	20480512,
				"jitter_ms":	0.000874090601156139,
				"lost_packets":	0,
				"packets":	40001,
				"lost_percent":	0,
				"omitted":	false,
				"sender":	false
			}
		}, {
			"streams":	[{
					"socket":	5,
					"start":	4.000054,
					"end":	5.000054,
					"seconds":	1,
					"bytes":	2559936,
					"bits_per_second":	20479488,
					"jitter_ms":	0.000633616046972326,
					"lost_packets":	0,
					"packets":	39999,
					"lost_percent":	0,
					"omitted":	false,
					"sender":	false
				}],
			"sum":	{
				"start":	4.000054,
				"end":	5.000054,
				"seconds":	1,
				"bytes":	2559936,
				"bits_per_second":	20479488,
				"jitter_ms":	0.000633616046972326,
				"lost_packets":	0,
				"packets":	39999,
				"lost_percent":	0,
				"omitted":	false,
				"sender":	false
			}
		}, {
			"streams":	[{
					"socket":	5,
					"start":	5.000054,
					"end":	5.040664,
					"seconds":	0.040610000491142273,
					"bytes":	102528,
					"bits_per_second":	20197586.557008408,
					"jitter_ms":	0.000886273398275421,
					"lost_packets":	0,
					"packets":	1602,
					"lost_percent":	0,
					"omitted":	false,
					"sender":	false
				}],
			"sum":	{
				"start":	5.000054,
				"end":	5.040664,
				"seconds":	0.040610000491142273,
				"bytes":	102528,
				"bits_per_second":	20197586.557008408,
				"jitter_ms":	0.000886273398275421,
				"lost_packets":	0,
				"packets":	1602,
				"lost_percent":	0,
				"omitted":	false,
				"sender":	false
			}
		}],
	"end":	{
		"streams":	[{
				"udp":	{
					"socket":	5,
					"start":	0,
					"end":	5.040664,
					"seconds":	5.040664,
					"bytes":	0,
					"bits_per_second":	0,
					"jitter_ms":	0.000886273398275421,
					"lost_packets":	0,
					"packets":	199968,
					"lost_percent":	0,
					"out_of_order":	0,
					"sender":	false
				}
			}],
		"sum":	{
			"start":	0,
			"end":	5.040664,
			"seconds":	5.040664,
			"bytes":	0,
			"bits_per_second":	0,
			"jitter_ms":	0.000886273398275421,
			"lost_packets":	0,
			"packets":	199968,
			"lost_percent":	0,
			"sender":	false
		},
		"cpu_utilization_percent":	{
			"host_total":	8.55450731888969,
			"host_user":	0,
			"host_system":	8.5544877812708862,
			"remote_total":	5.6551695092543586,
			"remote_user":	1.5551361905303582,
			"remote_system":	4.1000923595816525
		}
	}
}
{
	"start":	{
		"connected":	[{
				"socket":	5,
				"local_host":	"10.199.0.2",
				"local_port":	5202,
				"remote_host":	"10.199.0.1",
				"remote_port":	49640
			}],
		"version":	"iperf 3.9",
		"system_info":	"Linux iiitd-Precision-3660 6.8.0-138-generic #138~22.04.1-Ubuntu SMP PREEMPT_DYNAMIC Fri Aug  7 13:43:15 UTC  x86_64",
		"target_bitrate":	40960000,
		"timestamp":	{
			"time":	"Sun, 04 Oct 2026 05:55:32 GMT",
			"timesecs":	1791093332
		},
		"accepted_connection":	{
			"host":	"10.199.0.1",
			"port":	59311
		},
		"cookie":	"psmngxm2c3sjj6awqincqbua3bsaseltabjl",
		"sock_bufsize":	0,
		"sndbuf_actual":	212992,
		"rcvbuf_actual":	212992,
		"test_start":	{
			"protocol":	"UDP",
			"num_streams":	1,
			"blksize":	64,
			"omit":	0,
			"duration":	5,
			"bytes":	0,
			"blocks":	0,
			"reverse":	0,
			"tos":	0
		}
	},
	"intervals":	[{
			"streams":	[{
					"socket":	5,
					"start":	0,
					"end":	1.000039,
					"seconds":	1.0000389814376831,
					"bytes":	4908544,
					"bits_per_second":	39266821.3228516,
					"jitter_ms":	0.010472909153086475,
					"lost_packets":	0,
					"packets":	76696,
					"lost_percent":	0,
					"omitted":	false,
					"sender":	false
				}],
			"sum":	{
				"start":	0,
				"end":	1.000039,
				"seconds":	1.0000389814376831,
				"bytes":	4908544,
				"bits_per_second":	39266821.3228516,
				"jitter_ms":	0.010472909153086475,
				"lost_packets":	0,
				"packets":	76696,
				"lost_percent":	0,
				"omitted":	false,
				"sender":	false
			}
		}, {
			"streams":	[{
					"socket":	5,
					"start":	1.000039,
					"end":	2.000055,
					"seconds":	1.0000159740448,
					"bytes":	5122816,
					"bits_per_second":	40981873.353719071,
					"jitter_ms":	0.000521956912018984,
					"lost_packets":	0,
					"packets":	80044,
					"lost_percent":	0,
					"omitted":	false,
					"sender":	false
				}],
			"sum":	{
				"start":	1.000039,
				"end":	2.000055,
				"seconds":	1.0000159740448,
				"bytes":	5122816,
				"bits_per_second":	40981873.353719071,
				"jitter_ms":	0.000521956912018984,
				"lost_packets":	0,
				"packets":	80044,
				"lost_percent":	0,
				"omitted":	false,
				"sender":	false
			}
		}, {
			"streams":	[{
					"socket":	5,
					"start":	2.000055,
					"end":	3.000042,
					"seconds":	0.999987006187439,
					"bytes":	5117440,
					"bits_per_second":	40940051.9673615,
					"jitter_ms":	0.00994577268530364,
					"lost_packets":	0,
					"packets":	79960,
					"lost_percent":	0,
					"omitted":	false,
					"sender":	false
				}],
			"sum":	{
				"start":	2.000055,
				"end":	3.000042,
				"seconds":	0.999987006187439,
				"bytes":	5117440,
				"bits_per_second":	40940051.9673615,
				"jitter_ms":	0.00994577268530364,
				"lost_packets":	0,
				"packets":	79960,
				"lost_percent":	0,
				"omitted":	false,
				"sender":	false
			}
		}, {
			"streams":	[{
					"socket":	5,
					"start":	3.000042,
					"end":	4.000065,
					"seconds":	1.0000230073928833,
					"bytes":	5120384,
					"bits_per_second":	40962129.568191685,
					"jitter_ms":	0.010412963181625797,
					"lost_packets":	0,
					"packets":	80006,
					"lost_percent":	0,
					"omitted":	false,
					"sender":	false
				}],
			"sum":	{
				"start":	3.000042,
				"end":	4.000065,
				"seconds":	1.0000230073928833,
				"bytes":	5120384,
				"bits_per_second":	40962129.568191685,
				"jitter_ms":	0.010412963181625797,
				"lost_packets":	0,
				"packets":	80006,
				"lost_percent":	0,
				"omitted":	false,
				"sender":	false
			}
		}, {
			"streams":	[{
					"socket":	5,
					"start":	4.000065,
					"end":	5.000067,
					"seconds":	1.0000020265579224,
					"bytes":	5120128,
					"bits_per_second":	40960940.990280531,
					"jitter_ms":	0.010425524067859128,
					"lost_packets":	0,
					"packets":	80002,
					"lost_percent":	0,
					"omitted":	false,
					"sender":	false
				}],
			"sum":	{
				"start":	4.000065,
				"end":	5.000067,
				"seconds":	1.0000020265579224,
				"bytes":	5120128,
				"bits_per_second":	40960940.990280531,
				"jitter_ms":	0.010425524067859128,
				"lost_packets":	0,
				"packets":	80002,
				"lost_percent":	0,
				"omitted":	false,
				"sender":	false
			}
		}, {
			"streams":	[{
					"socket":	5,
					"start":	5.000067,
					"end":	5.040807,
					"seconds":	0.0407399982213974,
					"bytes":	206784,
					"bits_per_second":	40605598.23812525,
					"jitter_ms":	0.00059411747159584063,
					"lost_packets":	0,
					"packets":	3231,
					"lost_percent":	0,
					"omitted":	false,
					"sender":	false
				}],
			"sum":	{
				"start":	5.000067,
				"end":	5.040807,
				"seconds":	0.0407399982213974,
				"bytes":	206784,
				"bits_per_second":	40605598.23812525,
				"jitter_ms":	0.00059411747159584063,
				"lost_packets":	0,
				"packets":	3231,
				"lost_percent":	0,
				"omitted":	false,
				"sender":	false
			}
		}],
	"end":	{
		"streams":	[{
				"udp":	{
					"socket":	5,
					"start":	0,
					"end":	5.040807,
					"seconds":	5.040807,
					"bytes":	0,
					"bits_per_second":	0,
					"jitter_ms":	0.00059411747159584063,
					"lost_packets":	0,
					"packets":	399939,
					"lost_percent":	0,
					"out_of_order":	0,
					"sender":	false
				}
			}],
		"sum":	{
			"start":	0,
			"end":	5.040807,
			"seconds":	5.040807,
			"bytes":	0,
			"bits_per_second":	0,
			"jitter_ms":	0.00059411747159584063,
			"lost_packets":	0,
			"packets":	399939,
			"lost_percent":	0,
			"sender":	false
		},
		"cpu_utilization_percent":	{
			"host_total":	16.007301302235486,
			"host_user":	0,
			"host_system":	16.007301302235486,
			"remote_total":	10.185939024248647,
			"remote_user":	2.8578951811873781,
			"remote_system":	7.3280241634337955
		}
	}
}
{
	"start":	{
		"connected":	[{
				"socket":	5,
				"local_host":	"10.199.0.2",
				"local_port":	5202,
				"remote_host":	"10.199.0.1",
				"remote_port":	60811
			}],
		"version":	"iperf 3.9",
		"system_info":	"Linux iiitd-Precision-3660 6.8.0-138-generic #138~22.04.1-Ubuntu SMP PREEMPT_DYNAMIC Fri Aug  7 13:43:15 UTC  x86_64",
		"target_bitrate":	81920000,
		"timestamp":	{
			"time":	"Sun, 04 Oct 2026 05:55:38 GMT",
			"timesecs":	1791093338
		},
		"accepted_connection":	{
			"host":	"10.199.0.1",
			"port":	55765
		},
		"cookie":	"uyflr6apn4avg52r4bqjq2jpka5f6qrnwos4",
		"sock_bufsize":	0,
		"sndbuf_actual":	212992,
		"rcvbuf_actual":	212992,
		"test_start":	{
			"protocol":	"UDP",
			"num_streams":	1,
			"blksize":	64,
			"omit":	0,
			"duration":	5,
			"bytes":	0,
			"blocks":	0,
			"reverse":	0,
			"tos":	0
		}
	},
	"intervals":	[{
			"streams":	[{
					"socket":	5,
					"start":	0,
					"end":	1.000161,
					"seconds":	1.0001610517501831,
					"bytes":	9809728,
					"bits_per_second":	78465187.044298068,
					"jitter_ms":	0.017695114684696377,
					"lost_packets":	0,
					"packets":	153277,
					"lost_percent":	0,
					"omitted":	false,
					"sender":	false
				}],
			"sum":	{
				"start":	0,
				"end":	1.000161,
				"seconds":	1.0001610517501831,
				"bytes":	9809728,
				"bits_per_second":	78465187.044298068,
				"jitter_ms":	0.017695114684696377,
				"lost_packets":	0,
				"packets":	153277,
				"lost_percent":	0,
				"omitted":	false,
				"sender":	false
			}
		}, {
			"streams":	[{
					"socket":	5,
					"start":	1.000161,
					"end":	2.000002,
					"seconds":	0.99984097480773926,
					"bytes":	10241536,
					"bits_per_second":	81945319.3701677,
					"jitter_ms":	0.00052293215536269129,
					"lost_packets":	0,
					"packets":	160024,
					"lost_percent":	0,
					"omitted":	false,
					"sender":	false
				}],
			"sum":	{
				"start":	1.000161,
				"end":	2.000002,
				"seconds":	0.99984097480773926,
				"bytes":	10241536,
				"bits_per_second":	81945319.3701677,
				"jitter_ms":	0.00052293215536269129,
				"lost_packets":	0,
				"packets":	160024,
				"lost_percent":	0,
				"omitted":	false,
				"sender":	false
			}
		}, {
			"streams":	[{
					"socket":	5,
					"start":	2.000002,
					"end":	3.00014,
					"seconds":	1.0001380443573,
					"bytes":	10238400,
					"bits_per_second":	81895894.733846,
					"jitter_ms":	0.01648409986860809,
					"lost_packets":	0,
					"packets":	159975,
					"lost_percent":	0,
					"omitted":	false,
					"sender":	false
				}],
			"sum":	{
				"start":	2.000002,
				"end":	3.00014,
				"seconds":	1.0001380443573,
				"bytes":	10238400,
				"bits_per_second":	81895894.733846,
				"jitter_ms":	0.01648409986860809,
				"lost_packets":	0,
				"packets":	159975,
				"lost_percent":	0,
				"omitted":	false,
				"sender":	false
			}
		}, {
			"streams":	[{
					"socket":	5,
					"start":	3.00014,
					"end":	4.000002,
					"seconds":	0.999862015247345,
					"bytes":	10242624,
					"bits_per_second":	81952300.167868167,
					"jitter_ms":	0.00043586218648954486,
					"lost_packets":	0,
					"packets":	160041,
					"lost_percent":	0,
					"omitted":	false,
					"sender":	false
				}],
			"sum":	{
				"start":	3.00014,
				"end":	4.000002,
				"seconds":	0.999862015247345,
				"bytes":	10242624,
				"bits_per_second":	81952300.167868167,
				"jitter_ms":	0.00043586218648954486,
				"lost_packets":	0,
				"packets":	160041,
				"lost_percent":	0,
				"omitted":	false,
				"sender":	false
			}
		}, {
			"streams":	[{
					"socket":	5,
					"start":	4.000002,
					"end":	5.000002,
					"seconds":	1,
					"bytes":	10239424,
					"bits_per_second":	81915392,
					"jitter_ms":	0.00036824586557549459,
					"lost_packets":	0,
					"packets":	159991,
					"lost_percent":	0,
					"omitted":	false,
					"sender":	false
				}],
			"sum":	{
				"start":	4.000002,
				"end":	5.000002,
				"seconds":	1,
				"bytes":	10239424,
				"bits_per_second":	81915392,
				"jitter_ms":	0.00036824586557549459,
				"lost_packets":	0,
				"packets":	159991,
				"lost_percent":	0,
				"omitted":	false,
				"sender":	false
			}
		}, {
			"streams":	[{
					"socket":	5,
					"start":	5.000002,
					"end":	5.041689,
					"seconds":	0.0416870005428791,
					"bytes":	422464,
					"bits_per_second":	81073523.064429641,
					"jitter_ms":	0.00052671913186699674,
					"lost_packets":	0,
					"packets":	6601,
					"lost_percent":	0,
					"omitted":	false,
					"sender":	false
				}],
			"sum":	{
				"start":	5.000002,
				"end":	5.041689,
				"seconds":	0.0416870005428791,
				"bytes":	422464,
				"bits_per_second":	81073523.064429641,
				"jitter_ms":	0.00052671913186699674,
				"lost_packets":	0,
				"packets":	6601,
				"lost_percent":	0,
				"omitted":	false,
				"sender":	false
			}
		}],
	"end":	{
		"streams":	[{
				"udp":	{
					"socket":	5,
					"start":	0,
					"end":	5.041689,
					"seconds":	5.041689,
					"bytes":	0,
					"bits_per_second":	0,
					"jitter_ms":	0.00052671913186699674,
					"lost_packets":	0,
					"packets":	799909,
					"lost_percent":	0,
					"out_of_order":	0,
					"sender":	false
				}
			}],
		"sum":	{
			"start":	0,
			"end":	5.041689,
			"seconds":	5.041689,
			"bytes":	0,
			"bits_per_second":	0,
			"jitter_ms":	0.00052671913186699674,
			"lost_packets":	0,
			"packets":	799909,
			"lost_percent":	0,
			"sender":	false
		},
		"cpu_utilization_percent":	{
			"host_total":	31.534407145373873,
			"host_user":	0,
			"host_system":	31.534407145373873,
			"remote_total":	18.060678158393316,
			"remote_user":	5.4755866559445359,
			"remote_system":	12.58507182640694
		}
	}
}
{
	"start":	{
		"connected":	[{
				"socket":	5,
				"local_host":	"10.199.0.2",
				"local_port":	5202,
				"remote_host":	"10.199.0.1",
				"remote_port":	49462
			}],
		"version":	"iperf 3.9",
		"system_info":	"Linux iiitd-Precision-3660 6.8.0-138-generic #138~22.04.1-Ubuntu SMP PREEMPT_DYNAMIC Fri Aug  7 13:43:15 UTC  x86_64",
		"target_bitrate":	163840000,
		"timestamp":	{
			"time":	"Sun, 04 Oct 2026 05:55:43 GMT",
			"timesecs":	1791093343
		},
		"accepted_connection":	{
			"host":	"10.199.0.1",
			"port":	50617
		},
		"cookie":	"yhvxb2olhja3cswupkicivmexs6u3qdwsf6c",
		"sock_bufsize":	0,
		"sndbuf_actual":	212992,
		"rcvbuf_actual":	212992,
		"test_start":	{
			"protocol":	"UDP",
			"num_streams":	1,
			"blksize":	64,
			"omit":	0,
			"duration":	5,
			"bytes":	0,
			"blocks":	0,
			"reverse":	0,
			"tos":	0
		}
	},
	"intervals":	[{
			"streams":	[{
					"socket":	5,
					"start":	0,
					"end":	1.000842,
					"seconds":	1.0008419752120972,
					"bytes":	16145600,
					"bits_per_second":	129056137.9308932,
					"jitter_ms":	0.0573587267110709,
					"lost_packets":	54337,
					"packets":	306612,
					"lost_percent":	17.721746050382894,
					"omitted":	false,
					"sender":	false
				}],
			"sum":	{
				"start":	0,
				"end":	1.000842,
				"seconds":	1.0008419752120972,
				"bytes":	16145600,
				"bits_per_second":	129056137.9308932,
				"jitter_ms":	0.0573587267110709,
				"lost_packets":	54337,
				"packets":	306612,
				"lost_percent":	17.721746050382894,
				"omitted":	false,
				"sender":	false
			}
		}, {
			"streams":	[{
					"socket":	5,
					"start":	1.000842,
					"end":	2.000002,
					"seconds":	0.99915999174118042,
					"bytes":	16950400,
					"bits_per_second":	135717203.57186428,
					"jitter_ms":	0.000508484217782281,
					"lost_packets":	54543,
					"packets":	319393,
					"lost_percent":	17.077080587238918,
					"omitted":	false,
					"sender":	false
				}],
			"sum":	{
				"start":	1.000842,
				"end":	2.000002,
				"seconds":	0.99915999174118042,
				"bytes":	16950400,
				"bits_per_second":	135717203.57186428,
				"jitter_ms":	0.000508484217782281,
				"lost_packets":	54543,
				"packets":	319393,
				"lost_percent":	17.077080587238918,
				"omitted":	false,
				"sender":	false
			}
		}, {
			"streams":	[{
					"socket":	5,
					"start":	2.000002,
					"end":	3.000003,
					"seconds":	1.0000009536743164,
					"bytes":	17149184,
					"bits_per_second":	137193341.16223416,
					"jitter_ms":	0.00028764431883660527,
					"lost_packets":	52531,
					"packets":	320487,
					"lost_percent":	16.390992458352446,
					"omitted":	false,
					"sender":	false
				}],
			"sum":	{
				"start":	2.000002,
				"end":	3.000003,
				"seconds":	1.0000009536743164,
				"bytes":	17149184,
				"bits_per_second":	137193341.16223416,
				"jitter_ms":	0.00028764431883660527,
				"lost_packets":	52531,
				"packets":	320487,
				"lost_percent":	16.390992458352446,
				"omitted":	false,
				"sender":	false
			}
		}, {
			"streams":	[{
					"socket":	5,
					"start":	3.000003,
					"end":	4.000003,
					"seconds":	1,
					"bytes":	17162496,
					"bits_per_second":	137299968,
					"jitter_ms":	0.00037403388826316014,
					"lost_packets":	51848,
					"packets":	320012,
					"lost_percent":	16.201892429033911,
					"omitted":	false,
					"sender":	false
				}],
			"sum":	{
				"start":	3.000003,
				"end":	4.000003,
				"seconds":	1,
				"bytes":	17162496,
				"bits_per_second":	137299968,
				"jitter_ms":	0.00037403388826316014,
				"lost_packets":	51848,
				"packets":	320012,
				"lost_percent":	16.201892429033911,
				"omitted":	false,
				"sender":	false
			}
		}, {
			"streams":	[{
					"socket":	5,
					"start":	4.000003,
					"end":	5.000002,
					"seconds":	0.99999898672103882,
					"bytes":	17107392,
					"bits_per_second":	136859274.67662367,
					"jitter_ms":	0.00038221564127530861,
					"lost_packets":	52572,
					"packets":	319875,
					"lost_percent":	16.43516998827667,
					"omitted":	false,
					"sender":	false
				}],
			"sum":	{
				"start":	4.000003,
				"end":	5.000002,
				"seconds":	0.99999898672103882,
				"bytes":	17107392,
				"bits_per_second":	136859274.67662367,
				"jitter_ms":	0.00038221564127530861,
				"lost_packets":	52572,
				"packets":	319875,
				"lost_percent":	16.43516998827667,
				"omitted":	false,
				"sender":	false
			}
		}, {
			"streams":	[{
					"socket":	5,
					"start":	5.000002,
					"end":	5.041659,
					"seconds":	0.0416570007801056,
					"bytes":	787456,
					"bits_per_second":	151226633.74768364,
					"jitter_ms":	0.000960649188266886,
					"lost_packets":	1311,
					"packets":	13615,
					"lost_percent":	9.62908556738891,
					"omitted":	false,
					"sender":	false
				}],
			"sum":	{
				"start":	5.000002,
				"end":	5.041659,
				"seconds":	0.0416570007801056,
				"bytes":	787456,
				"bits_per_second":	151226633.74768364,
				"jitter_ms":	0.000960649188266886,
				"lost_packets":	1311,
				"packets":	13615,
				"lost_percent":	9.62908556738891,
				"omitted":	false,
				"sender":	false
			}
		}],
	"end":	{
		"streams":	[{
				"udp":	{
					"socket":	5,
					"start":	0,
					"end":	5.041659,
					"seconds":	5.041659,
					"bytes":	0,
					"bits_per_second":	0,
					"jitter_ms":	0.000960649188266886,
					"lost_packets":	267142,
					"packets":	1599994,
					"lost_percent":	0,
					"out_of_order":	0,
					"sender":	false
				}
			}],
		"sum":	{
			"start":	0,
			"end":	5.041659,
			"seconds":	5.041659,
			"bytes":	0,
			"bits_per_second":	0,
			"jitter_ms":	0.000960649188266886,
			"lost_packets":	267142,
			"packets":	1599994,
			"lost_percent":	16.696437611641045,
			"sender":	false
		},
		"cpu_utilization_percent":	{
			"host_total":	48.794965606366873,
			"host_user":	27.736296637045328,
			"host_system":	21.058649477322035,
			"remote_total":	35.750791411184174,
			"remote_user":	6.3647974166418582,
			"remote_system":	29.385993994542321
		}
	}
}
